BASELINE {"precision": 0.9089289069264068, "recall": 0.8241079365079363, "f0.5": 0.8756702501887288, "f1": 0.8460286029312963, "singleton_accuracy": 0.740530303030303, "true_positive": 28797, "false_positive": 2308, "false_negative": 5879, "true_negative_all_possible": 103202153016, "false_positive_rate": 2.2363874017496095e-08, "predicted_positive": 31105, "predicted_negative_candidates": 288851, "predicted_positive_rate": 0.0972164922676868}
0:	learn: 0.5764671	test: 0.5773728	best: 0.5773728 (0)	total: 388ms	remaining: 22m 36s
100:	learn: 0.0621428	test: 0.0657802	best: 0.0657802 (100)	total: 2.27s	remaining: 1m 16s
200:	learn: 0.0549340	test: 0.0602200	best: 0.0602200 (200)	total: 4.18s	remaining: 1m 8s
300:	learn: 0.0507717	test: 0.0574601	best: 0.0574601 (300)	total: 6.14s	remaining: 1m 5s
400:	learn: 0.0478648	test: 0.0557694	best: 0.0557694 (400)	total: 8.06s	remaining: 1m 2s
500:	learn: 0.0455258	test: 0.0546635	best: 0.0546635 (500)	total: 10.1s	remaining: 1m
600:	learn: 0.0437021	test: 0.0539266	best: 0.0539266 (600)	total: 12s	remaining: 58.1s
700:	learn: 0.0421473	test: 0.0534045	best: 0.0534030 (699)	total: 14s	remaining: 55.8s
800:	learn: 0.0406639	test: 0.0529339	best: 0.0529339 (800)	total: 16s	remaining: 53.9s
900:	learn: 0.0393594	test: 0.0526247	best: 0.0526247 (900)	total: 18s	remaining: 51.8s
1000:	learn: 0.0381117	test: 0.0523154	best: 0.0523154 (1000)	total: 20s	remaining: 49.8s
1100:	learn: 0.0370106	test: 0.0520568	best: 0.0520568 (1100)	total: 21.9s	remaining: 47.8s
1200:	learn: 0.0359912	test: 0.0518734	best: 0.0518714 (1198)	total: 23.9s	remaining: 45.7s
1300:	learn: 0.0350229	test: 0.0516808	best: 0.0516803 (1299)	total: 26s	remaining: 44s
1400:	learn: 0.0341020	test: 0.0515483	best: 0.0515483 (1397)	total: 28.1s	remaining: 42.1s
1500:	learn: 0.0332492	test: 0.0514569	best: 0.0514569 (1500)	total: 30.1s	remaining: 40.1s
1600:	learn: 0.0324448	test: 0.0513632	best: 0.0513607 (1598)	total: 32.3s	remaining: 38.3s
1700:	learn: 0.0316598	test: 0.0512233	best: 0.0512233 (1700)	total: 34.3s	remaining: 36.3s
1800:	learn: 0.0309722	test: 0.0511266	best: 0.0511217 (1796)	total: 36.3s	remaining: 34.3s
1900:	learn: 0.0302690	test: 0.0510817	best: 0.0510688 (1887)	total: 38.3s	remaining: 32.2s
2000:	learn: 0.0295594	test: 0.0510172	best: 0.0510172 (2000)	total: 40.4s	remaining: 30.2s
2100:	learn: 0.0289300	test: 0.0509576	best: 0.0509576 (2100)	total: 42.4s	remaining: 28.2s
2200:	learn: 0.0283293	test: 0.0509091	best: 0.0509085 (2191)	total: 44.4s	remaining: 26.2s
2300:	learn: 0.0277403	test: 0.0509028	best: 0.0509028 (2300)	total: 46.5s	remaining: 24.2s
2400:	learn: 0.0271321	test: 0.0508616	best: 0.0508602 (2397)	total: 48.6s	remaining: 22.2s
2500:	learn: 0.0265709	test: 0.0508519	best: 0.0508485 (2431)	total: 50.6s	remaining: 20.2s
2600:	learn: 0.0260425	test: 0.0508569	best: 0.0508470 (2514)	total: 52.6s	remaining: 18.2s
2700:	learn: 0.0255508	test: 0.0508635	best: 0.0508466 (2622)	total: 54.6s	remaining: 16.2s
bestTest = 0.05084655602
bestIteration = 2622
Shrink model to first 2623 iterations.
RESULT {"name": "catboost_d10_baseline_features", "metrics": {"precision": 0.9323872438672439, "recall": 0.843457619047619, "f0.5": 0.8998888739060356, "f1": 0.8696051099210388, "singleton_accuracy": 0.8181818181818182, "true_positive": 29367, "false_positive": 1579, "false_negative": 5309, "true_negative_all_possible": 103202153745, "false_positive_rate": 1.5300068056163922e-08, "predicted_positive": 30946, "predicted_negative_candidates": 289010, "predicted_positive_rate": 0.09671954893797897}, "threshold": 0.6000000000000002, "trees": 2623, "seconds": 59.760751247406006, "device": "GPU", "features": ["name_exact", "name_normalized_exact", "name_levenshtein_similarity", "name_jaccard_similarity", "name_token_overlap", "name_length_difference", "name_length_ratio", "name_left_missing", "name_right_missing", "address_exact", "address_normalized_exact", "address_levenshtein_similarity", "address_jaccard_similarity", "address_token_overlap", "address_length_difference", "address_length_ratio", "address_left_missing", "address_right_missing", "name_char_3gram_similarity", "name_char_4gram_similarity", "name_char_5gram_similarity", "address_char_ngram_similarity", "postal_code_match", "postal_code_both_present", "city_match", "city_both_present", "state_match", "state_both_present", "street_number_match", "street_number_both_present", "country_match", "country_both_present", "name_jaro_winkler", "name_wratio", "address_token_set_similarity", "email_match", "email_both_present", "email_domain_match", "email_domain_both_present", "website_domain_match", "website_domain_both_present", "phone_match", "phone_both_present", "phone_suffix_match", "name_address_combined_similarity", "blocked_by_country_name", "blocked_by_city_name", "blocked_by_postal", "blocked_by_name_ngram", "blocked_by_address", "blocked_by_strong_name", "blocked_by_name_number", "blocked_by_address_number", "blocked_by_name_pair", "number_of_blocking_rules", "candidate_source3", "name_tfidf_cosine", "address_tfidf_cosine"], "scope": "Existing validation used for model/threshold selection; fresh confirmation holdout required before promotion"}
