BASELINE {"precision": 0.9089289069264068, "recall": 0.8241079365079363, "f0.5": 0.8756702501887288, "f1": 0.8460286029312963, "singleton_accuracy": 0.740530303030303, "true_positive": 28797, "false_positive": 2308, "false_negative": 5879, "true_negative_all_possible": 103202153016, "false_positive_rate": 2.2363874017496095e-08, "predicted_positive": 31105, "predicted_negative_candidates": 288851, "predicted_positive_rate": 0.0972164922676868}
0:	learn: 0.5674373	test: 0.5679173	best: 0.5679173 (0)	total: 107ms	remaining: 3m 56s
100:	learn: 0.0401861	test: 0.0417619	best: 0.0417619 (100)	total: 1.54s	remaining: 32s
200:	learn: 0.0348467	test: 0.0370877	best: 0.0370877 (200)	total: 2.95s	remaining: 29.3s
300:	learn: 0.0321233	test: 0.0349487	best: 0.0349487 (300)	total: 4.37s	remaining: 27.6s
400:	learn: 0.0304095	test: 0.0337839	best: 0.0337839 (400)	total: 5.79s	remaining: 26s
500:	learn: 0.0290196	test: 0.0328851	best: 0.0328851 (500)	total: 7.19s	remaining: 24.4s
600:	learn: 0.0279004	test: 0.0322322	best: 0.0322322 (600)	total: 8.57s	remaining: 22.8s
700:	learn: 0.0270063	test: 0.0317870	best: 0.0317863 (699)	total: 9.97s	remaining: 21.3s
800:	learn: 0.0262525	test: 0.0314898	best: 0.0314898 (800)	total: 11.3s	remaining: 19.8s
900:	learn: 0.0255596	test: 0.0312025	best: 0.0312024 (899)	total: 12.7s	remaining: 18.3s
1000:	learn: 0.0249542	test: 0.0309500	best: 0.0309500 (1000)	total: 14.1s	remaining: 16.9s
1100:	learn: 0.0243472	test: 0.0306926	best: 0.0306926 (1100)	total: 15.4s	remaining: 15.4s
1200:	learn: 0.0238173	test: 0.0305329	best: 0.0305329 (1200)	total: 16.8s	remaining: 14s
1300:	learn: 0.0232862	test: 0.0303357	best: 0.0303353 (1299)	total: 18.2s	remaining: 12.6s
1400:	learn: 0.0228026	test: 0.0301827	best: 0.0301827 (1400)	total: 19.5s	remaining: 11.1s
1500:	learn: 0.0223920	test: 0.0300726	best: 0.0300726 (1500)	total: 20.9s	remaining: 9.73s
1600:	learn: 0.0219552	test: 0.0299184	best: 0.0299177 (1599)	total: 22.3s	remaining: 8.33s
1700:	learn: 0.0215413	test: 0.0298178	best: 0.0298176 (1699)	total: 23.7s	remaining: 6.94s
1800:	learn: 0.0211384	test: 0.0297144	best: 0.0297144 (1799)	total: 25s	remaining: 5.55s
1900:	learn: 0.0207231	test: 0.0296270	best: 0.0296254 (1894)	total: 26.4s	remaining: 4.15s
2000:	learn: 0.0203638	test: 0.0295511	best: 0.0295506 (1999)	total: 27.8s	remaining: 2.76s
2100:	learn: 0.0200182	test: 0.0294776	best: 0.0294776 (2100)	total: 29.1s	remaining: 1.37s
2199:	learn: 0.0196684	test: 0.0294260	best: 0.0294260 (2199)	total: 30.5s	remaining: 0us
bestTest = 0.02942597007
bestIteration = 2199
RESULT {"name": "catboost_d8_evidence", "metrics": {"precision": 0.9659221825396825, "recall": 0.9006027380952383, "f0.5": 0.9430088807912725, "f1": 0.9208726662819463, "singleton_accuracy": 0.9393939393939394, "true_positive": 31213, "false_positive": 813, "false_negative": 3463, "true_negative_all_possible": 103202154511, "false_positive_rate": 7.877742450703781e-09, "predicted_positive": 32026, "predicted_negative_candidates": 287930, "predicted_positive_rate": 0.10009501306429634}, "threshold": 0.6250000000000002, "trees": 2200, "seconds": 33.9982385635376, "device": "GPU", "features": ["name_exact", "name_normalized_exact", "name_levenshtein_similarity", "name_jaccard_similarity", "name_token_overlap", "name_length_difference", "name_length_ratio", "name_left_missing", "name_right_missing", "address_exact", "address_normalized_exact", "address_levenshtein_similarity", "address_jaccard_similarity", "address_token_overlap", "address_length_difference", "address_length_ratio", "address_left_missing", "address_right_missing", "name_char_3gram_similarity", "name_char_4gram_similarity", "name_char_5gram_similarity", "address_char_ngram_similarity", "postal_code_match", "postal_code_both_present", "city_match", "city_both_present", "state_match", "state_both_present", "street_number_match", "street_number_both_present", "country_match", "country_both_present", "name_jaro_winkler", "name_wratio", "address_token_set_similarity", "email_match", "email_both_present", "email_domain_match", "email_domain_both_present", "website_domain_match", "website_domain_both_present", "phone_match", "phone_both_present", "phone_suffix_match", "name_address_combined_similarity", "blocked_by_country_name", "blocked_by_city_name", "blocked_by_postal", "blocked_by_name_ngram", "blocked_by_address", "blocked_by_strong_name", "blocked_by_name_number", "blocked_by_address_number", "blocked_by_name_pair", "number_of_blocking_rules", "candidate_source3", "name_tfidf_cosine", "address_tfidf_cosine", "name_intersection_v2", "name_left_coverage_v2", "name_right_coverage_v2", "name_conflict_v2", "name_left_only_v2", "name_right_only_v2", "core_intersection_v2", "core_left_coverage_v2", "core_right_coverage_v2", "core_conflict_v2", "core_left_only_v2", "core_right_only_v2", "address_intersection_v2", "address_left_coverage_v2", "address_right_coverage_v2", "address_conflict_v2", "address_left_only_v2", "address_right_only_v2", "address_words_intersection_v2", "address_words_left_coverage_v2", "address_words_right_coverage_v2", "address_words_conflict_v2", "address_words_left_only_v2", "address_words_right_only_v2", "numbers_intersection_v2", "numbers_left_coverage_v2", "numbers_right_coverage_v2", "numbers_conflict_v2", "numbers_left_only_v2", "numbers_right_only_v2", "small_numbers_intersection_v2", "small_numbers_left_coverage_v2", "small_numbers_right_coverage_v2", "small_numbers_conflict_v2", "small_numbers_left_only_v2", "small_numbers_right_only_v2", "large_numbers_intersection_v2", "large_numbers_left_coverage_v2", "large_numbers_right_coverage_v2", "large_numbers_conflict_v2", "large_numbers_left_only_v2", "large_numbers_right_only_v2", "name_fold_ratio_v2", "name_fold_token_sort_v2", "core_name_ratio_v2", "address_fold_ratio_v2", "address_partial_ratio_v2", "name_anchor_frequency_v2", "name_target_frequency_v2", "name_idf_jaccard_v2", "name_idf_left_coverage_v2", "name_shared_max_idf_v2", "name_unshared_max_idf_v2", "name_nonlatin_left_v2", "name_nonlatin_right_v2"], "scope": "Existing validation used for model/threshold selection; fresh confirmation holdout required before promotion"}
