BASELINE {"precision": 0.9089289069264068, "recall": 0.8241079365079363, "f0.5": 0.8756702501887288, "f1": 0.8460286029312963, "singleton_accuracy": 0.740530303030303, "true_positive": 28797, "false_positive": 2308, "false_negative": 5879, "true_negative_all_possible": 103202153016, "false_positive_rate": 2.2363874017496095e-08, "predicted_positive": 31105, "predicted_negative_candidates": 288851, "predicted_positive_rate": 0.0972164922676868}
0:	learn: 0.5556797	test: 0.5560163	best: 0.5560163 (0)	total: 45.9ms	remaining: 2m 40s
100:	learn: 0.0363947	test: 0.0387922	best: 0.0387922 (100)	total: 2.49s	remaining: 1m 23s
200:	learn: 0.0312347	test: 0.0349114	best: 0.0349114 (200)	total: 4.93s	remaining: 1m 20s
300:	learn: 0.0283224	test: 0.0331075	best: 0.0331075 (300)	total: 7.33s	remaining: 1m 17s
400:	learn: 0.0264438	test: 0.0322691	best: 0.0322691 (400)	total: 9.71s	remaining: 1m 15s
500:	learn: 0.0248839	test: 0.0315977	best: 0.0315977 (500)	total: 12.1s	remaining: 1m 12s
600:	learn: 0.0235805	test: 0.0311277	best: 0.0311277 (600)	total: 14.5s	remaining: 1m 9s
700:	learn: 0.0225193	test: 0.0308365	best: 0.0308365 (700)	total: 16.8s	remaining: 1m 7s
800:	learn: 0.0215412	test: 0.0305594	best: 0.0305594 (800)	total: 19.2s	remaining: 1m 4s
900:	learn: 0.0206509	test: 0.0303447	best: 0.0303427 (898)	total: 21.6s	remaining: 1m 2s
1000:	learn: 0.0198675	test: 0.0301909	best: 0.0301909 (1000)	total: 23.9s	remaining: 59.7s
1100:	learn: 0.0190876	test: 0.0300106	best: 0.0300104 (1099)	total: 26.3s	remaining: 57.3s
1200:	learn: 0.0183891	test: 0.0298997	best: 0.0298984 (1199)	total: 28.6s	remaining: 54.8s
1300:	learn: 0.0177508	test: 0.0297931	best: 0.0297931 (1300)	total: 31s	remaining: 52.4s
1400:	learn: 0.0171433	test: 0.0296853	best: 0.0296853 (1400)	total: 33.4s	remaining: 50s
1500:	learn: 0.0165545	test: 0.0296375	best: 0.0296375 (1500)	total: 35.7s	remaining: 47.5s
1600:	learn: 0.0160271	test: 0.0295607	best: 0.0295599 (1599)	total: 38s	remaining: 45.1s
1700:	learn: 0.0155038	test: 0.0295200	best: 0.0295177 (1695)	total: 40.4s	remaining: 42.8s
1800:	learn: 0.0149903	test: 0.0294620	best: 0.0294620 (1800)	total: 42.8s	remaining: 40.4s
1900:	learn: 0.0144814	test: 0.0294205	best: 0.0294150 (1885)	total: 45.2s	remaining: 38s
2000:	learn: 0.0140560	test: 0.0294062	best: 0.0293954 (1975)	total: 47.5s	remaining: 35.6s
2100:	learn: 0.0136344	test: 0.0293554	best: 0.0293541 (2098)	total: 49.9s	remaining: 33.2s
2200:	learn: 0.0132462	test: 0.0293465	best: 0.0293299 (2123)	total: 52.2s	remaining: 30.8s
2300:	learn: 0.0128169	test: 0.0293280	best: 0.0293234 (2280)	total: 54.6s	remaining: 28.4s
2400:	learn: 0.0124607	test: 0.0293218	best: 0.0293199 (2305)	total: 56.9s	remaining: 26.1s
bestTest = 0.02931985847
bestIteration = 2305
Shrink model to first 2306 iterations.
RESULT {"name": "catboost_d10_evidence", "metrics": {"precision": 0.9681961111111111, "recall": 0.8951667460317462, "f0.5": 0.9431473885339383, "f1": 0.9186867255620197, "singleton_accuracy": 0.9393939393939394, "true_positive": 30996, "false_positive": 657, "false_negative": 3680, "true_negative_all_possible": 103202154667, "false_positive_rate": 6.366146113299365e-09, "predicted_positive": 31653, "predicted_negative_candidates": 288303, "predicted_positive_rate": 0.09892922776881821}, "threshold": 0.6750000000000003, "trees": 2306, "seconds": 62.92474818229675, "device": "GPU", "features": ["name_exact", "name_normalized_exact", "name_levenshtein_similarity", "name_jaccard_similarity", "name_token_overlap", "name_length_difference", "name_length_ratio", "name_left_missing", "name_right_missing", "address_exact", "address_normalized_exact", "address_levenshtein_similarity", "address_jaccard_similarity", "address_token_overlap", "address_length_difference", "address_length_ratio", "address_left_missing", "address_right_missing", "name_char_3gram_similarity", "name_char_4gram_similarity", "name_char_5gram_similarity", "address_char_ngram_similarity", "postal_code_match", "postal_code_both_present", "city_match", "city_both_present", "state_match", "state_both_present", "street_number_match", "street_number_both_present", "country_match", "country_both_present", "name_jaro_winkler", "name_wratio", "address_token_set_similarity", "email_match", "email_both_present", "email_domain_match", "email_domain_both_present", "website_domain_match", "website_domain_both_present", "phone_match", "phone_both_present", "phone_suffix_match", "name_address_combined_similarity", "blocked_by_country_name", "blocked_by_city_name", "blocked_by_postal", "blocked_by_name_ngram", "blocked_by_address", "blocked_by_strong_name", "blocked_by_name_number", "blocked_by_address_number", "blocked_by_name_pair", "number_of_blocking_rules", "candidate_source3", "name_tfidf_cosine", "address_tfidf_cosine", "name_intersection_v2", "name_left_coverage_v2", "name_right_coverage_v2", "name_conflict_v2", "name_left_only_v2", "name_right_only_v2", "core_intersection_v2", "core_left_coverage_v2", "core_right_coverage_v2", "core_conflict_v2", "core_left_only_v2", "core_right_only_v2", "address_intersection_v2", "address_left_coverage_v2", "address_right_coverage_v2", "address_conflict_v2", "address_left_only_v2", "address_right_only_v2", "address_words_intersection_v2", "address_words_left_coverage_v2", "address_words_right_coverage_v2", "address_words_conflict_v2", "address_words_left_only_v2", "address_words_right_only_v2", "numbers_intersection_v2", "numbers_left_coverage_v2", "numbers_right_coverage_v2", "numbers_conflict_v2", "numbers_left_only_v2", "numbers_right_only_v2", "small_numbers_intersection_v2", "small_numbers_left_coverage_v2", "small_numbers_right_coverage_v2", "small_numbers_conflict_v2", "small_numbers_left_only_v2", "small_numbers_right_only_v2", "large_numbers_intersection_v2", "large_numbers_left_coverage_v2", "large_numbers_right_coverage_v2", "large_numbers_conflict_v2", "large_numbers_left_only_v2", "large_numbers_right_only_v2", "name_fold_ratio_v2", "name_fold_token_sort_v2", "core_name_ratio_v2", "address_fold_ratio_v2", "address_partial_ratio_v2", "name_anchor_frequency_v2", "name_target_frequency_v2", "name_idf_jaccard_v2", "name_idf_left_coverage_v2", "name_shared_max_idf_v2", "name_unshared_max_idf_v2", "name_nonlatin_left_v2", "name_nonlatin_right_v2"], "scope": "Existing validation used for model/threshold selection; fresh confirmation holdout required before promotion"}
