BASELINE {"precision": 0.9089289069264068, "recall": 0.8241079365079363, "f0.5": 0.8756702501887288, "f1": 0.8460286029312963, "singleton_accuracy": 0.740530303030303, "true_positive": 28797, "false_positive": 2308, "false_negative": 5879, "true_negative_all_possible": 103202153016, "false_positive_rate": 2.2363874017496095e-08, "predicted_positive": 31105, "predicted_negative_candidates": 288851, "predicted_positive_rate": 0.0972164922676868}
0:	learn: 0.5833353	test: 0.5841949	best: 0.5841949 (0)	total: 120ms	remaining: 3m 35s
100:	learn: 0.0664431	test: 0.0691650	best: 0.0691650 (100)	total: 1.22s	remaining: 20.6s
200:	learn: 0.0595427	test: 0.0631319	best: 0.0631319 (200)	total: 2.36s	remaining: 18.8s
300:	learn: 0.0557996	test: 0.0600800	best: 0.0600800 (300)	total: 3.5s	remaining: 17.5s
400:	learn: 0.0531784	test: 0.0580489	best: 0.0580489 (400)	total: 4.59s	remaining: 16s
500:	learn: 0.0511966	test: 0.0566920	best: 0.0566920 (500)	total: 5.71s	remaining: 14.8s
600:	learn: 0.0497141	test: 0.0557429	best: 0.0557429 (600)	total: 6.83s	remaining: 13.6s
700:	learn: 0.0485181	test: 0.0550727	best: 0.0550727 (700)	total: 7.93s	remaining: 12.4s
800:	learn: 0.0473286	test: 0.0544082	best: 0.0544082 (800)	total: 9.03s	remaining: 11.3s
900:	learn: 0.0463997	test: 0.0539944	best: 0.0539944 (900)	total: 10.1s	remaining: 10.1s
1000:	learn: 0.0455143	test: 0.0535655	best: 0.0535655 (1000)	total: 11.2s	remaining: 8.97s
1100:	learn: 0.0447160	test: 0.0532481	best: 0.0532481 (1100)	total: 12.4s	remaining: 7.86s
1200:	learn: 0.0439513	test: 0.0529841	best: 0.0529841 (1200)	total: 13.6s	remaining: 6.76s
1300:	learn: 0.0431805	test: 0.0526890	best: 0.0526890 (1300)	total: 14.7s	remaining: 5.63s
1400:	learn: 0.0424851	test: 0.0524687	best: 0.0524687 (1400)	total: 15.8s	remaining: 4.5s
1500:	learn: 0.0418608	test: 0.0522531	best: 0.0522531 (1500)	total: 16.9s	remaining: 3.37s
1600:	learn: 0.0412510	test: 0.0521007	best: 0.0521007 (1600)	total: 18.1s	remaining: 2.24s
1700:	learn: 0.0407080	test: 0.0519461	best: 0.0519461 (1700)	total: 19.2s	remaining: 1.12s
1799:	learn: 0.0401725	test: 0.0518115	best: 0.0518115 (1799)	total: 20.4s	remaining: 0us
bestTest = 0.05181154438
bestIteration = 1799
RESULT {"name": "catboost_d8_baseline_features", "metrics": {"precision": 0.9348682936507936, "recall": 0.833571507936508, "f0.5": 0.8985389131683125, "f1": 0.8645090897097398, "singleton_accuracy": 0.8522727272727273, "true_positive": 28960, "false_positive": 1376, "false_negative": 5716, "true_negative_all_possible": 103202153948, "false_positive_rate": 1.333305487351587e-08, "predicted_positive": 30336, "predicted_negative_candidates": 289620, "predicted_positive_rate": 0.09481303679255898}, "threshold": 0.6500000000000002, "trees": 1800, "seconds": 23.638164281845093, "device": "GPU", "features": ["name_exact", "name_normalized_exact", "name_levenshtein_similarity", "name_jaccard_similarity", "name_token_overlap", "name_length_difference", "name_length_ratio", "name_left_missing", "name_right_missing", "address_exact", "address_normalized_exact", "address_levenshtein_similarity", "address_jaccard_similarity", "address_token_overlap", "address_length_difference", "address_length_ratio", "address_left_missing", "address_right_missing", "name_char_3gram_similarity", "name_char_4gram_similarity", "name_char_5gram_similarity", "address_char_ngram_similarity", "postal_code_match", "postal_code_both_present", "city_match", "city_both_present", "state_match", "state_both_present", "street_number_match", "street_number_both_present", "country_match", "country_both_present", "name_jaro_winkler", "name_wratio", "address_token_set_similarity", "email_match", "email_both_present", "email_domain_match", "email_domain_both_present", "website_domain_match", "website_domain_both_present", "phone_match", "phone_both_present", "phone_suffix_match", "name_address_combined_similarity", "blocked_by_country_name", "blocked_by_city_name", "blocked_by_postal", "blocked_by_name_ngram", "blocked_by_address", "blocked_by_strong_name", "blocked_by_name_number", "blocked_by_address_number", "blocked_by_name_pair", "number_of_blocking_rules", "candidate_source3", "name_tfidf_cosine", "address_tfidf_cosine"], "scope": "Existing validation used for model/threshold selection; fresh confirmation holdout required before promotion"}
