RERANK_PEERS 7998 159974
RERANK_PEERS 15998 159974
RERANK_PEERS 23998 159974
RERANK_PEERS 31998 159974
RERANK_PEERS 39998 159974
RERANK_PEERS 47998 159974
RERANK_PEERS 55998 159974
RERANK_PEERS 63982 159974
RERANK_PEERS 71982 159974
RERANK_PEERS 79982 159974
RERANK_PEERS 87982 159974
RERANK_PEERS 95982 159974
RERANK_PEERS 103982 159974
RERANK_PEERS 111982 159974
RERANK_PEERS 119982 159974
RERANK_PEERS 127982 159974
RERANK_PEERS 135982 159974
RERANK_PEERS 143982 159974
RERANK_PEERS 151982 159974
RERANK_PEERS 159974 159974
RERANK_PEERS 7987 319956
RERANK_PEERS 15987 319956
RERANK_PEERS 23986 319956
RERANK_PEERS 31986 319956
RERANK_PEERS 39986 319956
RERANK_PEERS 47986 319956
RERANK_PEERS 55986 319956
RERANK_PEERS 63986 319956
RERANK_PEERS 71986 319956
RERANK_PEERS 79986 319956
RERANK_PEERS 87964 319956
RERANK_PEERS 95964 319956
RERANK_PEERS 103964 319956
RERANK_PEERS 111964 319956
RERANK_PEERS 119964 319956
RERANK_PEERS 127964 319956
RERANK_PEERS 135964 319956
RERANK_PEERS 143964 319956
RERANK_PEERS 151964 319956
RERANK_PEERS 159964 319956
RERANK_PEERS 167964 319956
RERANK_PEERS 175964 319956
RERANK_PEERS 183958 319956
RERANK_PEERS 191958 319956
RERANK_PEERS 199958 319956
RERANK_PEERS 207956 319956
RERANK_PEERS 215956 319956
RERANK_PEERS 223956 319956
RERANK_PEERS 231956 319956
RERANK_PEERS 239956 319956
RERANK_PEERS 247956 319956
RERANK_PEERS 255956 319956
RERANK_PEERS 263956 319956
RERANK_PEERS 271956 319956
RERANK_PEERS 279956 319956
RERANK_PEERS 287956 319956
RERANK_PEERS 295956 319956
RERANK_PEERS 303956 319956
RERANK_PEERS 311956 319956
RERANK_PEERS 319956 319956
0:	learn: 0.5904231	test: 0.5906812	best: 0.5906812 (0)	total: 12.5s	remaining: 6h 13m 21s
100:	learn: 0.0157504	test: 0.0178114	best: 0.0178114 (100)	total: 13.5s	remaining: 3m 47s
200:	learn: 0.0145256	test: 0.0174144	best: 0.0174144 (200)	total: 14.4s	remaining: 1m 54s
300:	learn: 0.0135742	test: 0.0172313	best: 0.0172283 (296)	total: 15.4s	remaining: 1m 16s
400:	learn: 0.0128163	test: 0.0171225	best: 0.0171225 (400)	total: 16.3s	remaining: 56.9s
500:	learn: 0.0121023	test: 0.0170652	best: 0.0170652 (500)	total: 17.2s	remaining: 44.7s
600:	learn: 0.0115084	test: 0.0170019	best: 0.0170013 (599)	total: 18.2s	remaining: 36.2s
700:	learn: 0.0108657	test: 0.0169943	best: 0.0169923 (639)	total: 19.1s	remaining: 29.9s
800:	learn: 0.0103549	test: 0.0169411	best: 0.0169315 (787)	total: 20s	remaining: 24.9s
900:	learn: 0.0098412	test: 0.0169310	best: 0.0169293 (884)	total: 20.9s	remaining: 20.9s
1000:	learn: 0.0092789	test: 0.0169473	best: 0.0169211 (964)	total: 21.8s	remaining: 17.4s
1100:	learn: 0.0088389	test: 0.0169440	best: 0.0169211 (964)	total: 22.7s	remaining: 14.4s
bestTest = 0.01692111588
bestIteration = 964
Shrink model to first 965 iterations.
RERANK_COMPLETE {"metrics": {"precision": 0.981732380952381, "recall": 0.9260510714285715, "f0.5": 0.9645022134795413, "f1": 0.9459925350243152, "singleton_accuracy": 0.9659090909090909, "true_positive": 31980, "false_positive": 321, "false_negative": 2696, "true_negative_all_possible": 103202155003, "false_positive_rate": 3.110400155812932e-09, "predicted_positive": 32301, "predicted_negative_candidates": 287655, "predicted_positive_rate": 0.10095450624460864}, "threshold": 0.7250000000000003, "base_sha256": "35450d836d2e94865d131df0ac5b30abc36d609ce0e3a3c80ed9bdcec66cf84f", "base_model": "C:\\Users\\admin\\Desktop\\dotInit\\dotinit-Amazon-ML-Challenge\\artifacts\\local_training_enriched_d10\\model.joblib", "trees": 965, "entity_counts": {"fit": 3000, "early": 1000, "calibrate": 1000}, "scope": "Validation is model/threshold selection, not an official or independent test score. Base early stopping previously used these calibration anchors. Reranker fitting, early stopping and sigmoid calibration use separate anchors.", "artifact_type": "local_context_reranker"}
