ENRICH_FEATURES fit 5000 959871
ENRICH_FEATURES fit 10000 959871
ENRICH_FEATURES fit 15000 959871
ENRICH_FEATURES fit 20000 959871
ENRICH_FEATURES fit 25000 959871
ENRICH_FEATURES fit 30000 959871
ENRICH_FEATURES fit 35000 959871
ENRICH_FEATURES fit 40000 959871
ENRICH_FEATURES fit 45000 959871
ENRICH_FEATURES fit 50000 959871
ENRICH_FEATURES fit 55000 959871
ENRICH_FEATURES fit 60000 959871
ENRICH_FEATURES fit 65000 959871
ENRICH_FEATURES fit 70000 959871
ENRICH_FEATURES fit 75000 959871
ENRICH_FEATURES fit 80000 959871
ENRICH_FEATURES fit 85000 959871
ENRICH_FEATURES fit 90000 959871
ENRICH_FEATURES fit 95000 959871
ENRICH_FEATURES fit 100000 959871
ENRICH_FEATURES fit 105000 959871
ENRICH_FEATURES fit 110000 959871
ENRICH_FEATURES fit 115000 959871
ENRICH_FEATURES fit 120000 959871
ENRICH_FEATURES fit 125000 959871
ENRICH_FEATURES fit 130000 959871
ENRICH_FEATURES fit 135000 959871
ENRICH_FEATURES fit 140000 959871
ENRICH_FEATURES fit 145000 959871
ENRICH_FEATURES fit 150000 959871
ENRICH_FEATURES fit 155000 959871
ENRICH_FEATURES fit 160000 959871
ENRICH_FEATURES fit 165000 959871
ENRICH_FEATURES fit 170000 959871
ENRICH_FEATURES fit 175000 959871
ENRICH_FEATURES fit 180000 959871
ENRICH_FEATURES fit 185000 959871
ENRICH_FEATURES fit 190000 959871
ENRICH_FEATURES fit 195000 959871
ENRICH_FEATURES fit 200000 959871
ENRICH_FEATURES fit 205000 959871
ENRICH_FEATURES fit 210000 959871
ENRICH_FEATURES fit 215000 959871
ENRICH_FEATURES fit 220000 959871
ENRICH_FEATURES fit 225000 959871
ENRICH_FEATURES fit 230000 959871
ENRICH_FEATURES fit 235000 959871
ENRICH_FEATURES fit 240000 959871
ENRICH_FEATURES fit 245000 959871
ENRICH_FEATURES fit 250000 959871
ENRICH_FEATURES fit 255000 959871
ENRICH_FEATURES fit 260000 959871
ENRICH_FEATURES fit 265000 959871
ENRICH_FEATURES fit 270000 959871
ENRICH_FEATURES fit 275000 959871
ENRICH_FEATURES fit 280000 959871
ENRICH_FEATURES fit 285000 959871
ENRICH_FEATURES fit 290000 959871
ENRICH_FEATURES fit 295000 959871
ENRICH_FEATURES fit 300000 959871
ENRICH_FEATURES fit 305000 959871
ENRICH_FEATURES fit 310000 959871
ENRICH_FEATURES fit 315000 959871
ENRICH_FEATURES fit 320000 959871
ENRICH_FEATURES fit 325000 959871
ENRICH_FEATURES fit 330000 959871
ENRICH_FEATURES fit 335000 959871
ENRICH_FEATURES fit 340000 959871
ENRICH_FEATURES fit 345000 959871
ENRICH_FEATURES fit 350000 959871
ENRICH_FEATURES fit 355000 959871
ENRICH_FEATURES fit 360000 959871
ENRICH_FEATURES fit 365000 959871
ENRICH_FEATURES fit 370000 959871
ENRICH_FEATURES fit 375000 959871
ENRICH_FEATURES fit 380000 959871
ENRICH_FEATURES fit 385000 959871
ENRICH_FEATURES fit 390000 959871
ENRICH_FEATURES fit 395000 959871
ENRICH_FEATURES fit 400000 959871
ENRICH_FEATURES fit 405000 959871
ENRICH_FEATURES fit 410000 959871
ENRICH_FEATURES fit 415000 959871
ENRICH_FEATURES fit 420000 959871
ENRICH_FEATURES fit 425000 959871
ENRICH_FEATURES fit 430000 959871
ENRICH_FEATURES fit 435000 959871
ENRICH_FEATURES fit 440000 959871
ENRICH_FEATURES fit 445000 959871
ENRICH_FEATURES fit 450000 959871
ENRICH_FEATURES fit 455000 959871
ENRICH_FEATURES fit 460000 959871
ENRICH_FEATURES fit 465000 959871
ENRICH_FEATURES fit 470000 959871
ENRICH_FEATURES fit 475000 959871
ENRICH_FEATURES fit 480000 959871
ENRICH_FEATURES fit 485000 959871
ENRICH_FEATURES fit 490000 959871
ENRICH_FEATURES fit 495000 959871
ENRICH_FEATURES fit 500000 959871
ENRICH_FEATURES fit 505000 959871
ENRICH_FEATURES fit 510000 959871
ENRICH_FEATURES fit 515000 959871
ENRICH_FEATURES fit 520000 959871
ENRICH_FEATURES fit 525000 959871
ENRICH_FEATURES fit 530000 959871
ENRICH_FEATURES fit 535000 959871
ENRICH_FEATURES fit 540000 959871
ENRICH_FEATURES fit 545000 959871
ENRICH_FEATURES fit 550000 959871
ENRICH_FEATURES fit 555000 959871
ENRICH_FEATURES fit 560000 959871
ENRICH_FEATURES fit 565000 959871
ENRICH_FEATURES fit 570000 959871
ENRICH_FEATURES fit 575000 959871
ENRICH_FEATURES fit 580000 959871
ENRICH_FEATURES fit 585000 959871
ENRICH_FEATURES fit 590000 959871
ENRICH_FEATURES fit 595000 959871
ENRICH_FEATURES fit 600000 959871
ENRICH_FEATURES fit 605000 959871
ENRICH_FEATURES fit 610000 959871
ENRICH_FEATURES fit 615000 959871
ENRICH_FEATURES fit 620000 959871
ENRICH_FEATURES fit 625000 959871
ENRICH_FEATURES fit 630000 959871
ENRICH_FEATURES fit 635000 959871
ENRICH_FEATURES fit 640000 959871
ENRICH_FEATURES fit 645000 959871
ENRICH_FEATURES fit 650000 959871
ENRICH_FEATURES fit 655000 959871
ENRICH_FEATURES fit 660000 959871
ENRICH_FEATURES fit 665000 959871
ENRICH_FEATURES fit 670000 959871
ENRICH_FEATURES fit 675000 959871
ENRICH_FEATURES fit 680000 959871
ENRICH_FEATURES fit 685000 959871
ENRICH_FEATURES fit 690000 959871
ENRICH_FEATURES fit 695000 959871
ENRICH_FEATURES fit 700000 959871
ENRICH_FEATURES fit 705000 959871
ENRICH_FEATURES fit 710000 959871
ENRICH_FEATURES fit 715000 959871
ENRICH_FEATURES fit 720000 959871
ENRICH_FEATURES fit 725000 959871
ENRICH_FEATURES fit 730000 959871
ENRICH_FEATURES fit 735000 959871
ENRICH_FEATURES fit 740000 959871
ENRICH_FEATURES fit 745000 959871
ENRICH_FEATURES fit 750000 959871
ENRICH_FEATURES fit 755000 959871
ENRICH_FEATURES fit 760000 959871
ENRICH_FEATURES fit 765000 959871
ENRICH_FEATURES fit 770000 959871
ENRICH_FEATURES fit 775000 959871
ENRICH_FEATURES fit 780000 959871
ENRICH_FEATURES fit 785000 959871
ENRICH_FEATURES fit 790000 959871
ENRICH_FEATURES fit 795000 959871
ENRICH_FEATURES fit 800000 959871
ENRICH_FEATURES fit 805000 959871
ENRICH_FEATURES fit 810000 959871
ENRICH_FEATURES fit 815000 959871
ENRICH_FEATURES fit 820000 959871
ENRICH_FEATURES fit 825000 959871
ENRICH_FEATURES fit 830000 959871
ENRICH_FEATURES fit 835000 959871
ENRICH_FEATURES fit 840000 959871
ENRICH_FEATURES fit 845000 959871
ENRICH_FEATURES fit 850000 959871
ENRICH_FEATURES fit 855000 959871
ENRICH_FEATURES fit 860000 959871
ENRICH_FEATURES fit 865000 959871
ENRICH_FEATURES fit 870000 959871
ENRICH_FEATURES fit 875000 959871
ENRICH_FEATURES fit 880000 959871
ENRICH_FEATURES fit 885000 959871
ENRICH_FEATURES fit 890000 959871
ENRICH_FEATURES fit 895000 959871
ENRICH_FEATURES fit 900000 959871
ENRICH_FEATURES fit 905000 959871
ENRICH_FEATURES fit 910000 959871
ENRICH_FEATURES fit 915000 959871
ENRICH_FEATURES fit 920000 959871
ENRICH_FEATURES fit 925000 959871
ENRICH_FEATURES fit 930000 959871
ENRICH_FEATURES fit 935000 959871
ENRICH_FEATURES fit 940000 959871
ENRICH_FEATURES fit 945000 959871
ENRICH_FEATURES fit 950000 959871
ENRICH_FEATURES fit 955000 959871
ENRICH_FEATURES fit 959871 959871
ENRICH_FEATURES calibration 5000 159974
ENRICH_FEATURES calibration 10000 159974
ENRICH_FEATURES calibration 15000 159974
ENRICH_FEATURES calibration 20000 159974
ENRICH_FEATURES calibration 25000 159974
ENRICH_FEATURES calibration 30000 159974
ENRICH_FEATURES calibration 35000 159974
ENRICH_FEATURES calibration 40000 159974
ENRICH_FEATURES calibration 45000 159974
ENRICH_FEATURES calibration 50000 159974
ENRICH_FEATURES calibration 55000 159974
ENRICH_FEATURES calibration 60000 159974
ENRICH_FEATURES calibration 65000 159974
ENRICH_FEATURES calibration 70000 159974
ENRICH_FEATURES calibration 75000 159974
ENRICH_FEATURES calibration 80000 159974
ENRICH_FEATURES calibration 85000 159974
ENRICH_FEATURES calibration 90000 159974
ENRICH_FEATURES calibration 95000 159974
ENRICH_FEATURES calibration 100000 159974
ENRICH_FEATURES calibration 105000 159974
ENRICH_FEATURES calibration 110000 159974
ENRICH_FEATURES calibration 115000 159974
ENRICH_FEATURES calibration 120000 159974
ENRICH_FEATURES calibration 125000 159974
ENRICH_FEATURES calibration 130000 159974
ENRICH_FEATURES calibration 135000 159974
ENRICH_FEATURES calibration 140000 159974
ENRICH_FEATURES calibration 145000 159974
ENRICH_FEATURES calibration 150000 159974
ENRICH_FEATURES calibration 155000 159974
ENRICH_FEATURES calibration 159974 159974
ENRICH_FEATURES validation 5000 319956
ENRICH_FEATURES validation 10000 319956
ENRICH_FEATURES validation 15000 319956
ENRICH_FEATURES validation 20000 319956
ENRICH_FEATURES validation 25000 319956
ENRICH_FEATURES validation 30000 319956
ENRICH_FEATURES validation 35000 319956
ENRICH_FEATURES validation 40000 319956
ENRICH_FEATURES validation 45000 319956
ENRICH_FEATURES validation 50000 319956
ENRICH_FEATURES validation 55000 319956
ENRICH_FEATURES validation 60000 319956
ENRICH_FEATURES validation 65000 319956
ENRICH_FEATURES validation 70000 319956
ENRICH_FEATURES validation 75000 319956
ENRICH_FEATURES validation 80000 319956
ENRICH_FEATURES validation 85000 319956
ENRICH_FEATURES validation 90000 319956
ENRICH_FEATURES validation 95000 319956
ENRICH_FEATURES validation 100000 319956
ENRICH_FEATURES validation 105000 319956
ENRICH_FEATURES validation 110000 319956
ENRICH_FEATURES validation 115000 319956
ENRICH_FEATURES validation 120000 319956
ENRICH_FEATURES validation 125000 319956
ENRICH_FEATURES validation 130000 319956
ENRICH_FEATURES validation 135000 319956
ENRICH_FEATURES validation 140000 319956
ENRICH_FEATURES validation 145000 319956
ENRICH_FEATURES validation 150000 319956
ENRICH_FEATURES validation 155000 319956
ENRICH_FEATURES validation 160000 319956
ENRICH_FEATURES validation 165000 319956
ENRICH_FEATURES validation 170000 319956
ENRICH_FEATURES validation 175000 319956
ENRICH_FEATURES validation 180000 319956
ENRICH_FEATURES validation 185000 319956
ENRICH_FEATURES validation 190000 319956
ENRICH_FEATURES validation 195000 319956
ENRICH_FEATURES validation 200000 319956
ENRICH_FEATURES validation 205000 319956
ENRICH_FEATURES validation 210000 319956
ENRICH_FEATURES validation 215000 319956
ENRICH_FEATURES validation 220000 319956
ENRICH_FEATURES validation 225000 319956
ENRICH_FEATURES validation 230000 319956
ENRICH_FEATURES validation 235000 319956
ENRICH_FEATURES validation 240000 319956
ENRICH_FEATURES validation 245000 319956
ENRICH_FEATURES validation 250000 319956
ENRICH_FEATURES validation 255000 319956
ENRICH_FEATURES validation 260000 319956
ENRICH_FEATURES validation 265000 319956
ENRICH_FEATURES validation 270000 319956
ENRICH_FEATURES validation 275000 319956
ENRICH_FEATURES validation 280000 319956
ENRICH_FEATURES validation 285000 319956
ENRICH_FEATURES validation 290000 319956
ENRICH_FEATURES validation 295000 319956
ENRICH_FEATURES validation 300000 319956
ENRICH_FEATURES validation 305000 319956
ENRICH_FEATURES validation 310000 319956
ENRICH_FEATURES validation 315000 319956
ENRICH_FEATURES validation 319956 319956
LOCAL_TRAIN_START GPU
0:	learn: 0.5952573	test: 0.5956035	best: 0.5956035 (0)	total: 13.3s	remaining: 14h 45m 13s
100:	learn: 0.0293789	test: 0.0313422	best: 0.0313422 (100)	total: 16.5s	remaining: 10m 35s
200:	learn: 0.0231027	test: 0.0257737	best: 0.0257737 (200)	total: 19.6s	remaining: 6m 10s
300:	learn: 0.0203987	test: 0.0235917	best: 0.0235917 (300)	total: 22.8s	remaining: 4m 39s
400:	learn: 0.0187231	test: 0.0223852	best: 0.0223852 (400)	total: 25.8s	remaining: 3m 51s
500:	learn: 0.0176325	test: 0.0216582	best: 0.0216582 (500)	total: 28.8s	remaining: 3m 21s
600:	learn: 0.0167310	test: 0.0211053	best: 0.0211053 (600)	total: 31.8s	remaining: 2m 59s
700:	learn: 0.0160460	test: 0.0207640	best: 0.0207640 (700)	total: 34.8s	remaining: 2m 43s
800:	learn: 0.0154340	test: 0.0204735	best: 0.0204735 (800)	total: 37.9s	remaining: 2m 31s
900:	learn: 0.0148915	test: 0.0202222	best: 0.0202222 (900)	total: 41s	remaining: 2m 20s
1000:	learn: 0.0143713	test: 0.0199937	best: 0.0199937 (999)	total: 43.9s	remaining: 2m 11s
1100:	learn: 0.0138909	test: 0.0197784	best: 0.0197784 (1100)	total: 46.9s	remaining: 2m 3s
1200:	learn: 0.0134094	test: 0.0196132	best: 0.0196132 (1200)	total: 49.8s	remaining: 1m 56s
1300:	learn: 0.0130146	test: 0.0194786	best: 0.0194786 (1300)	total: 52.8s	remaining: 1m 49s
1400:	learn: 0.0125966	test: 0.0193330	best: 0.0193330 (1400)	total: 55.8s	remaining: 1m 43s
1500:	learn: 0.0122220	test: 0.0192079	best: 0.0192079 (1500)	total: 58.8s	remaining: 1m 37s
1600:	learn: 0.0119028	test: 0.0191201	best: 0.0191201 (1600)	total: 1m 1s	remaining: 1m 32s
1700:	learn: 0.0115610	test: 0.0190163	best: 0.0190163 (1700)	total: 1m 4s	remaining: 1m 27s
1800:	learn: 0.0112295	test: 0.0189309	best: 0.0189290 (1799)	total: 1m 7s	remaining: 1m 22s
1900:	learn: 0.0109190	test: 0.0188466	best: 0.0188466 (1900)	total: 1m 10s	remaining: 1m 18s
2000:	learn: 0.0106580	test: 0.0187824	best: 0.0187818 (1998)	total: 1m 13s	remaining: 1m 13s
2100:	learn: 0.0103876	test: 0.0187243	best: 0.0187243 (2100)	total: 1m 16s	remaining: 1m 9s
2200:	learn: 0.0101359	test: 0.0186653	best: 0.0186653 (2200)	total: 1m 19s	remaining: 1m 5s
2300:	learn: 0.0099122	test: 0.0186267	best: 0.0186267 (2300)	total: 1m 22s	remaining: 1m
2400:	learn: 0.0096523	test: 0.0185862	best: 0.0185862 (2400)	total: 1m 25s	remaining: 56.9s
2500:	learn: 0.0094295	test: 0.0185382	best: 0.0185382 (2500)	total: 1m 28s	remaining: 53s
2600:	learn: 0.0091994	test: 0.0185050	best: 0.0185050 (2600)	total: 1m 31s	remaining: 49.2s
2700:	learn: 0.0090171	test: 0.0184597	best: 0.0184589 (2699)	total: 1m 34s	remaining: 45.4s
2800:	learn: 0.0088009	test: 0.0184185	best: 0.0184185 (2800)	total: 1m 37s	remaining: 41.7s
2900:	learn: 0.0085769	test: 0.0183871	best: 0.0183871 (2900)	total: 1m 40s	remaining: 38.1s
3000:	learn: 0.0083764	test: 0.0183577	best: 0.0183571 (2999)	total: 1m 43s	remaining: 34.5s
3100:	learn: 0.0081745	test: 0.0183222	best: 0.0183222 (3100)	total: 1m 46s	remaining: 30.9s
3200:	learn: 0.0079772	test: 0.0183138	best: 0.0183138 (3200)	total: 1m 49s	remaining: 27.3s
3300:	learn: 0.0077926	test: 0.0183010	best: 0.0183010 (3300)	total: 1m 52s	remaining: 23.8s
3400:	learn: 0.0076148	test: 0.0182879	best: 0.0182870 (3397)	total: 1m 55s	remaining: 20.3s
3500:	learn: 0.0074560	test: 0.0182684	best: 0.0182682 (3499)	total: 1m 58s	remaining: 16.9s
3600:	learn: 0.0072849	test: 0.0182584	best: 0.0182584 (3600)	total: 2m 1s	remaining: 13.5s
3700:	learn: 0.0071278	test: 0.0182308	best: 0.0182281 (3679)	total: 2m 4s	remaining: 10.1s
3800:	learn: 0.0069574	test: 0.0182265	best: 0.0182232 (3765)	total: 2m 7s	remaining: 6.67s
3900:	learn: 0.0067997	test: 0.0182087	best: 0.0182083 (3899)	total: 2m 10s	remaining: 3.31s
3999:	learn: 0.0066503	test: 0.0182057	best: 0.0181992 (3973)	total: 2m 13s	remaining: 0us
bestTest = 0.0181991976
bestIteration = 3973
Shrink model to first 3974 iterations.
LOCAL_TRAIN_COMPLETE artifacts\local_training_enriched_d10 {"precision": 0.9806370238095238, "recall": 0.923650238095238, "f0.5": 0.9622788736998645, "f1": 0.9432423328142446, "singleton_accuracy": 0.9715909090909091, "true_positive": 31942, "false_positive": 439, "false_negative": 2734, "true_negative_all_possible": 103202154885, "false_positive_rate": 4.253787128977811e-09, "predicted_positive": 32381, "predicted_negative_candidates": 287575, "predicted_positive_rate": 0.10120454062433584}
