BEST_EXPECTED_F {"temperature": 1.2, "singleton_multiplier": 1.6, "precision": 0.9719467460317459, "recall": 0.8882814285714284, "f0.5": 0.94446711953337, "f1": 0.9166611349434878, "singleton_accuracy": 0.9015151515151515, "true_positive": 30726, "false_positive": 557, "false_negative": 3950, "true_negative_all_possible": 103202154767, "false_positive_rate": 5.3971741021426885e-09, "predicted_positive": 31283, "predicted_negative_candidates": 288673, "predicted_positive_rate": 0.09777281876257986}
0:	learn: 0.5756177	test: 0.5759218	best: 0.5759218 (0)	total: 30.1ms	remaining: 36s
200:	learn: 0.0205098	test: 0.0238647	best: 0.0238647 (200)	total: 835ms	remaining: 4.15s
400:	learn: 0.0187924	test: 0.0232881	best: 0.0232848 (399)	total: 1.68s	remaining: 3.35s
600:	learn: 0.0175872	test: 0.0229708	best: 0.0229678 (599)	total: 2.53s	remaining: 2.52s
800:	learn: 0.0164176	test: 0.0227744	best: 0.0227744 (800)	total: 3.34s	remaining: 1.67s
1000:	learn: 0.0155231	test: 0.0227103	best: 0.0227098 (997)	total: 4.12s	remaining: 820ms
1199:	learn: 0.0146746	test: 0.0225648	best: 0.0225633 (1198)	total: 4.94s	remaining: 0us
bestTest = 0.02256331635
bestIteration = 1198
Shrink model to first 1199 iterations.
RESULT {"depth": 5, "weight": 0.25, "threshold": 0.6500000000000002, "trees": 1199, "seconds": 6.073345184326172, "precision": 0.971518015873016, "recall": 0.9025947619047618, "f0.5": 0.9483394034504113, "f1": 0.9252816172389703, "singleton_accuracy": 0.9545454545454546, "true_positive": 31246, "false_positive": 541, "false_negative": 3430, "true_negative_all_possible": 103202154783, "false_positive_rate": 5.2421385803576205e-09, "predicted_positive": 31787, "predicted_negative_candidates": 288169, "predicted_positive_rate": 0.0993480353548613}
RESULT {"depth": 5, "weight": 0.5, "threshold": 0.6000000000000002, "trees": 1199, "seconds": 6.337319374084473, "precision": 0.9726778174603175, "recall": 0.9151914285714287, "f0.5": 0.9536611782569872, "f1": 0.9343325166989873, "singleton_accuracy": 0.9526515151515151, "true_positive": 31745, "false_positive": 499, "false_negative": 2931, "true_negative_all_possible": 103202154825, "false_positive_rate": 4.835170335671816e-09, "predicted_positive": 32244, "predicted_negative_candidates": 287712, "predicted_positive_rate": 0.100776356749053}
RESULT {"depth": 5, "weight": 0.75, "threshold": 0.6250000000000002, "trees": 1199, "seconds": 6.61487889289856, "precision": 0.9745406746031745, "recall": 0.9199497222222223, "f0.5": 0.9568301236140291, "f1": 0.9385317653261771, "singleton_accuracy": 0.9507575757575758, "true_positive": 31937, "false_positive": 424, "false_negative": 2739, "true_negative_all_possible": 103202154900, "false_positive_rate": 4.108441327304308e-09, "predicted_positive": 32361, "predicted_negative_candidates": 287595, "predicted_positive_rate": 0.10114203202940404}
RESULT {"depth": 5, "weight": 1.0, "threshold": 0.6750000000000003, "trees": 1199, "seconds": 6.859579086303711, "precision": 0.9750121031746032, "recall": 0.9182612301587302, "f0.5": 0.9568374589880401, "f1": 0.9378758469798176, "singleton_accuracy": 0.9545454545454546, "true_positive": 31877, "false_positive": 386, "false_negative": 2799, "true_negative_all_possible": 103202154938, "false_positive_rate": 3.740231963064772e-09, "predicted_positive": 32263, "predicted_negative_candidates": 287693, "predicted_positive_rate": 0.1008357399142382}
0:	learn: 0.5747206	test: 0.5751852	best: 0.5751852 (0)	total: 7.1ms	remaining: 8.51s
200:	learn: 0.0184595	test: 0.0234377	best: 0.0234377 (200)	total: 1.19s	remaining: 5.9s
400:	learn: 0.0162304	test: 0.0229576	best: 0.0229506 (397)	total: 2.33s	remaining: 4.64s
600:	learn: 0.0143678	test: 0.0229032	best: 0.0228776 (521)	total: 3.48s	remaining: 3.46s
bestTest = 0.02287755585
bestIteration = 521
Shrink model to first 522 iterations.
RESULT {"depth": 7, "weight": 0.25, "threshold": 0.6750000000000003, "trees": 522, "seconds": 4.442586660385132, "precision": 0.9725862301587301, "recall": 0.899687738095238, "f0.5": 0.9482484330021798, "f1": 0.9239976944950474, "singleton_accuracy": 0.9602272727272727, "true_positive": 31128, "false_positive": 483, "false_negative": 3548, "true_negative_all_possible": 103202154841, "false_positive_rate": 4.680134813886748e-09, "predicted_positive": 31611, "predicted_negative_candidates": 288345, "predicted_positive_rate": 0.09879795971946143}
RESULT {"depth": 7, "weight": 0.5, "threshold": 0.5750000000000002, "trees": 522, "seconds": 4.683325290679932, "precision": 0.9708400793650795, "recall": 0.9172735714285715, "f0.5": 0.9528882057186738, "f1": 0.9347496972961679, "singleton_accuracy": 0.9431818181818182, "true_positive": 31836, "false_positive": 575, "false_negative": 2840, "true_negative_all_possible": 103202154749, "false_positive_rate": 5.5715890641508905e-09, "predicted_positive": 32411, "predicted_negative_candidates": 287545, "predicted_positive_rate": 0.10129830351673355}
RESULT {"depth": 7, "weight": 0.75, "threshold": 0.6000000000000002, "trees": 522, "seconds": 4.915555238723755, "precision": 0.9732975793650794, "recall": 0.9216103571428572, "f0.5": 0.9563519004015834, "f1": 0.9389288931003638, "singleton_accuracy": 0.9545454545454546, "true_positive": 31987, "false_positive": 472, "false_negative": 2689, "true_negative_all_possible": 103202154852, "false_positive_rate": 4.573547892659514e-09, "predicted_positive": 32459, "predicted_negative_candidates": 287497, "predicted_positive_rate": 0.10144832414456988}
RESULT {"depth": 7, "weight": 1.0, "threshold": 0.5750000000000002, "trees": 522, "seconds": 5.151371717453003, "precision": 0.9717201984126985, "recall": 0.9268023412698413, "f0.5": 0.9566098599552526, "f1": 0.9412473736067853, "singleton_accuracy": 0.9488636363636364, "true_positive": 32170, "false_positive": 552, "false_negative": 2506, "true_negative_all_possible": 103202154772, "false_positive_rate": 5.348725501584855e-09, "predicted_positive": 32722, "predicted_negative_candidates": 287234, "predicted_positive_rate": 0.1022703121679231}
0:	learn: 0.5702269	test: 0.5704851	best: 0.5704851 (0)	total: 10.3ms	remaining: 12.3s
200:	learn: 0.0161797	test: 0.0231376	best: 0.0231376 (200)	total: 2.16s	remaining: 10.8s
bestTest = 0.02289650536
bestIteration = 294
Shrink model to first 295 iterations.
RESULT {"depth": 9, "weight": 0.25, "threshold": 0.6750000000000003, "trees": 295, "seconds": 5.136545181274414, "precision": 0.9720845634920634, "recall": 0.8996353571428571, "f0.5": 0.9478459793597256, "f1": 0.9237219224892753, "singleton_accuracy": 0.9583333333333334, "true_positive": 31127, "false_positive": 494, "false_negative": 3549, "true_negative_all_possible": 103202154830, "false_positive_rate": 4.786721735113982e-09, "predicted_positive": 31621, "predicted_negative_candidates": 288335, "predicted_positive_rate": 0.09882921401692733}
RESULT {"depth": 9, "weight": 0.5, "threshold": 0.5750000000000002, "trees": 295, "seconds": 5.37954306602478, "precision": 0.9704245634920635, "recall": 0.917231111111111, "f0.5": 0.9525536815817862, "f1": 0.9345135961913904, "singleton_accuracy": 0.9356060606060606, "true_positive": 31845, "false_positive": 596, "false_negative": 2831, "true_negative_all_possible": 103202154728, "false_positive_rate": 5.775073186493792e-09, "predicted_positive": 32441, "predicted_negative_candidates": 287515, "predicted_positive_rate": 0.10139206640913126}
RESULT {"depth": 9, "weight": 0.75, "threshold": 0.6500000000000002, "trees": 295, "seconds": 5.631564617156982, "precision": 0.9743890873015872, "recall": 0.9161521031746029, "f0.5": 0.9555705979193252, "f1": 0.9360959595633125, "singleton_accuracy": 0.9583333333333334, "true_positive": 31787, "false_positive": 418, "false_negative": 2889, "true_negative_all_possible": 103202154906, "false_positive_rate": 4.050303006634908e-09, "predicted_positive": 32205, "predicted_negative_candidates": 287751, "predicted_positive_rate": 0.10065446498893597}
RESULT {"depth": 9, "weight": 1.0, "threshold": 0.6750000000000003, "trees": 295, "seconds": 5.869147300720215, "precision": 0.9748571825396826, "recall": 0.9184347222222222, "f0.5": 0.9568153720030735, "f1": 0.9379630163953694, "singleton_accuracy": 0.9583333333333334, "true_positive": 31862, "false_positive": 396, "false_negative": 2814, "true_negative_all_possible": 103202154928, "false_positive_rate": 3.83712916418044e-09, "predicted_positive": 32258, "predicted_negative_candidates": 287698, "predicted_positive_rate": 0.10082011276550526}
BEST {"depth": 5, "weight": 1.0, "threshold": 0.6750000000000003, "trees": 1199, "seconds": 6.859579086303711, "precision": 0.9750121031746032, "recall": 0.9182612301587302, "f0.5": 0.9568374589880401, "f1": 0.9378758469798176, "singleton_accuracy": 0.9545454545454546, "true_positive": 31877, "false_positive": 386, "false_negative": 2799, "true_negative_all_possible": 103202154938, "false_positive_rate": 3.740231963064772e-09, "predicted_positive": 32263, "predicted_negative_candidates": 287693, "predicted_positive_rate": 0.1008357399142382}
