BEST_EXPECTED_F {"temperature": 1.2, "singleton_multiplier": 1.6, "precision": 0.9719467460317459, "recall": 0.8882814285714284, "f0.5": 0.94446711953337, "f1": 0.9166611349434878, "singleton_accuracy": 0.9015151515151515, "true_positive": 30726, "false_positive": 557, "false_negative": 3950, "true_negative_all_possible": 103202154767, "false_positive_rate": 5.3971741021426885e-09, "predicted_positive": 31283, "predicted_negative_candidates": 288673, "predicted_positive_rate": 0.09777281876257986}
0:	learn: 0.5848639	test: 0.5848738	best: 0.5848738 (0)	total: 138ms	remaining: 2m 45s
200:	learn: 0.0226094	test: 0.0254604	best: 0.0254604 (200)	total: 961ms	remaining: 4.78s
400:	learn: 0.0209597	test: 0.0248028	best: 0.0248028 (400)	total: 1.79s	remaining: 3.57s
600:	learn: 0.0198692	test: 0.0245075	best: 0.0245025 (595)	total: 2.58s	remaining: 2.57s
800:	learn: 0.0187046	test: 0.0243045	best: 0.0243000 (794)	total: 3.39s	remaining: 1.69s
1000:	learn: 0.0176009	test: 0.0242392	best: 0.0242289 (950)	total: 4.22s	remaining: 838ms
bestTest = 0.02422565651
bestIteration = 1015
Shrink model to first 1016 iterations.
RESULT {"depth": 5, "weight": 0.25, "threshold": 0.6250000000000002, "trees": 1016, "seconds": 6.220468282699585, "precision": 0.9685664682539684, "recall": 0.9042974999999999, "f0.5": 0.9466427852241224, "f1": 0.9249642679216209, "singleton_accuracy": 0.9431818181818182, "true_positive": 31332, "false_positive": 649, "false_negative": 3344, "true_negative_all_possible": 103202154675, "false_positive_rate": 6.288628352406831e-09, "predicted_positive": 31981, "predicted_negative_candidates": 287975, "predicted_positive_rate": 0.09995436872569978}
RESULT {"depth": 5, "weight": 0.5, "threshold": 0.6000000000000002, "trees": 1016, "seconds": 6.467835903167725, "precision": 0.9689595634920636, "recall": 0.9125068253968253, "f0.5": 0.9498065463403538, "f1": 0.9306364999542941, "singleton_accuracy": 0.9431818181818182, "true_positive": 31660, "false_positive": 639, "false_negative": 3016, "true_negative_all_possible": 103202154685, "false_positive_rate": 6.191731151291163e-09, "predicted_positive": 32299, "predicted_negative_candidates": 287657, "predicted_positive_rate": 0.10094825538511545}
RESULT {"depth": 5, "weight": 0.75, "threshold": 0.6250000000000002, "trees": 1016, "seconds": 6.710369348526001, "precision": 0.9700186904761904, "recall": 0.9157680952380951, "f0.5": 0.9519899726312652, "f1": 0.933606442136295, "singleton_accuracy": 0.9507575757575758, "true_positive": 31778, "false_positive": 569, "false_negative": 2898, "true_negative_all_possible": 103202154755, "false_positive_rate": 5.51345074348149e-09, "predicted_positive": 32347, "predicted_negative_candidates": 287609, "predicted_positive_rate": 0.10109827601295178}
RESULT {"depth": 5, "weight": 1.0, "threshold": 0.6750000000000003, "trees": 1016, "seconds": 6.953405380249023, "precision": 0.9709455555555556, "recall": 0.9138066666666668, "f0.5": 0.9521369611375556, "f1": 0.9329066040985159, "singleton_accuracy": 0.9564393939393939, "true_positive": 31703, "false_positive": 501, "false_negative": 2973, "true_negative_all_possible": 103202154823, "false_positive_rate": 4.85454977589495e-09, "predicted_positive": 32204, "predicted_negative_candidates": 287752, "predicted_positive_rate": 0.10065133955918938}
0:	learn: 0.5761144	test: 0.5760997	best: 0.5760997 (0)	total: 6.35ms	remaining: 7.61s
200:	learn: 0.0204287	test: 0.0249889	best: 0.0249889 (200)	total: 1.19s	remaining: 5.9s
400:	learn: 0.0183912	test: 0.0245851	best: 0.0245851 (400)	total: 2.32s	remaining: 4.63s
600:	learn: 0.0166729	test: 0.0244264	best: 0.0244231 (558)	total: 3.47s	remaining: 3.46s
bestTest = 0.02439215851
bestIteration = 661
Shrink model to first 662 iterations.
RESULT {"depth": 7, "weight": 0.25, "threshold": 0.6250000000000002, "trees": 662, "seconds": 5.369769811630249, "precision": 0.9685463492063493, "recall": 0.9042946428571429, "f0.5": 0.9466014525123979, "f1": 0.9249223176496706, "singleton_accuracy": 0.9431818181818182, "true_positive": 31331, "false_positive": 652, "false_negative": 3345, "true_negative_all_possible": 103202154672, "false_positive_rate": 6.317697512741531e-09, "predicted_positive": 31983, "predicted_negative_candidates": 287973, "predicted_positive_rate": 0.09996061958519296}
RESULT {"depth": 7, "weight": 0.5, "threshold": 0.5500000000000003, "trees": 662, "seconds": 5.610625505447388, "precision": 0.9669138095238095, "recall": 0.9180040873015872, "f0.5": 0.9499285950793579, "f1": 0.9330992922600275, "singleton_accuracy": 0.9318181818181818, "true_positive": 31888, "false_positive": 739, "false_negative": 2788, "true_negative_all_possible": 103202154585, "false_positive_rate": 7.16070316244784e-09, "predicted_positive": 32627, "predicted_negative_candidates": 287329, "predicted_positive_rate": 0.10197339634199702}
RESULT {"depth": 7, "weight": 0.75, "threshold": 0.6250000000000002, "trees": 662, "seconds": 5.859327554702759, "precision": 0.9703488492063492, "recall": 0.9159612301587302, "f0.5": 0.9522815971143463, "f1": 0.9338799617702558, "singleton_accuracy": 0.9507575757575758, "true_positive": 31787, "false_positive": 558, "false_negative": 2889, "true_negative_all_possible": 103202154766, "false_positive_rate": 5.406863822254255e-09, "predicted_positive": 32345, "predicted_negative_candidates": 287611, "predicted_positive_rate": 0.1010920251534586}
RESULT {"depth": 7, "weight": 1.0, "threshold": 0.7000000000000003, "trees": 662, "seconds": 6.102678537368774, "precision": 0.9721359126984127, "recall": 0.9115117857142857, "f0.5": 0.9524920061072989, "f1": 0.9322232696551815, "singleton_accuracy": 0.9602272727272727, "true_positive": 31621, "false_positive": 439, "false_negative": 3055, "true_negative_all_possible": 103202154885, "false_positive_rate": 4.253787128977811e-09, "predicted_positive": 32060, "predicted_negative_candidates": 287896, "predicted_positive_rate": 0.1002012776756804}
0:	learn: 0.5734594	test: 0.5736165	best: 0.5736165 (0)	total: 10.8ms	remaining: 13s
200:	learn: 0.0181143	test: 0.0248852	best: 0.0248852 (200)	total: 2.19s	remaining: 10.9s
400:	learn: 0.0153183	test: 0.0245321	best: 0.0245281 (397)	total: 4.3s	remaining: 8.56s
bestTest = 0.02451267242
bestIteration = 417
Shrink model to first 418 iterations.
RESULT {"depth": 9, "weight": 0.25, "threshold": 0.6500000000000002, "trees": 418, "seconds": 6.666075706481934, "precision": 0.9696137301587301, "recall": 0.9021563095238097, "f0.5": 0.946681853710175, "f1": 0.9240170407043937, "singleton_accuracy": 0.9507575757575758, "true_positive": 31233, "false_positive": 607, "false_negative": 3443, "true_negative_all_possible": 103202154717, "false_positive_rate": 5.881660107721027e-09, "predicted_positive": 31840, "predicted_negative_candidates": 288116, "predicted_positive_rate": 0.09951368313143057}
RESULT {"depth": 9, "weight": 0.5, "threshold": 0.6250000000000002, "trees": 418, "seconds": 6.913686990737915, "precision": 0.9701110317460316, "recall": 0.9092432142857142, "f0.5": 0.9496453924467052, "f1": 0.9291231519950638, "singleton_accuracy": 0.9431818181818182, "true_positive": 31534, "false_positive": 583, "false_negative": 3142, "true_negative_all_possible": 103202154741, "false_positive_rate": 5.649106825043425e-09, "predicted_positive": 32117, "predicted_negative_candidates": 287839, "predicted_positive_rate": 0.10037942717123605}
RESULT {"depth": 9, "weight": 0.75, "threshold": 0.6250000000000002, "trees": 418, "seconds": 7.163227081298828, "precision": 0.9700885317460317, "recall": 0.9158040873015875, "f0.5": 0.9520139644176409, "f1": 0.9336177835726365, "singleton_accuracy": 0.9507575757575758, "true_positive": 31778, "false_positive": 567, "false_negative": 2898, "true_negative_all_possible": 103202154757, "false_positive_rate": 5.494071303258356e-09, "predicted_positive": 32345, "predicted_negative_candidates": 287611, "predicted_positive_rate": 0.1010920251534586}
RESULT {"depth": 9, "weight": 1.0, "threshold": 0.6250000000000002, "trees": 418, "seconds": 7.407882213592529, "precision": 0.9691519444444446, "recall": 0.9190087301587302, "f0.5": 0.9523175774665229, "f1": 0.9352232457085398, "singleton_accuracy": 0.9431818181818182, "true_positive": 31896, "false_positive": 595, "false_negative": 2780, "true_negative_all_possible": 103202154729, "false_positive_rate": 5.765383466382226e-09, "predicted_positive": 32491, "predicted_negative_candidates": 287465, "predicted_positive_rate": 0.10154833789646077}
BEST {"depth": 7, "weight": 1.0, "threshold": 0.7000000000000003, "trees": 662, "seconds": 6.102678537368774, "precision": 0.9721359126984127, "recall": 0.9115117857142857, "f0.5": 0.9524920061072989, "f1": 0.9322232696551815, "singleton_accuracy": 0.9602272727272727, "true_positive": 31621, "false_positive": 439, "false_negative": 3055, "true_negative_all_possible": 103202154885, "false_positive_rate": 4.253787128977811e-09, "predicted_positive": 32060, "predicted_negative_candidates": 287896, "predicted_positive_rate": 0.1002012776756804}
