BEST_EXPECTED_F {"temperature": 1.2, "singleton_multiplier": 1.6, "precision": 0.9719467460317459, "recall": 0.8882814285714284, "f0.5": 0.94446711953337, "f1": 0.9166611349434878, "singleton_accuracy": 0.9015151515151515, "true_positive": 30726, "false_positive": 557, "false_negative": 3950, "true_negative_all_possible": 103202154767, "false_positive_rate": 5.3971741021426885e-09, "predicted_positive": 31283, "predicted_negative_candidates": 288673, "predicted_positive_rate": 0.09777281876257986}
C:\Users\parth\Desktop\CS\amazon\.init-Amazon-ML-Challenge\src\context_experiments.py:53: UserWarning: you are shuffling a 'StringArray' object which is not a subclass of 'Sequence'; `shuffle` is not guaranteed to behave correctly. E.g., non-numpy array/tensor objects with view semantics may contain duplicates after shuffling.
  anchors=cal['pairs'].source1_entity_id.unique();rng=np.random.default_rng(20260926);rng.shuffle(anchors);held=set(anchors[:1000]);fit=~cal['pairs'].source1_entity_id.isin(held);report=[]
0:	learn: 0.5848640	test: 0.5848738	best: 0.5848738 (0)	total: 249ms	remaining: 4m 57s
200:	learn: 0.0269563	test: 0.0296386	best: 0.0296386 (200)	total: 1.01s	remaining: 5.04s
400:	learn: 0.0255995	test: 0.0293595	best: 0.0293595 (400)	total: 1.78s	remaining: 3.55s
600:	learn: 0.0246385	test: 0.0292212	best: 0.0292149 (593)	total: 2.53s	remaining: 2.52s
800:	learn: 0.0235804	test: 0.0291884	best: 0.0291663 (749)	total: 3.3s	remaining: 1.64s
1000:	learn: 0.0225252	test: 0.0291395	best: 0.0291293 (954)	total: 4.06s	remaining: 807ms
bestTest = 0.02909994316
bestIteration = 1075
Shrink model to first 1076 iterations.
RESULT {"depth": 5, "weight": 0.25, "threshold": 0.6250000000000002, "trees": 1076, "seconds": 6.273780822753906, "precision": 0.966791111111111, "recall": 0.9017831746031745, "f0.5": 0.9443591154963403, "f1": 0.9223900899753841, "singleton_accuracy": 0.9337121212121212, "true_positive": 31230, "false_positive": 712, "false_negative": 3446, "true_negative_all_possible": 103202154612, "false_positive_rate": 6.899080719435538e-09, "predicted_positive": 31942, "predicted_negative_candidates": 288014, "predicted_positive_rate": 0.09983247696558277}
RESULT {"depth": 5, "weight": 0.5, "threshold": 0.6250000000000002, "trees": 1076, "seconds": 6.558220624923706, "precision": 0.9677388492063492, "recall": 0.9017975793650792, "f0.5": 0.9453686388445917, "f1": 0.923128847884142, "singleton_accuracy": 0.9450757575757576, "true_positive": 31191, "false_positive": 649, "false_negative": 3485, "true_negative_all_possible": 103202154675, "false_positive_rate": 6.288628352406831e-09, "predicted_positive": 31840, "predicted_negative_candidates": 288116, "predicted_positive_rate": 0.09951368313143057}
RESULT {"depth": 5, "weight": 0.75, "threshold": 0.6250000000000002, "trees": 1076, "seconds": 6.828815460205078, "precision": 0.9675269444444444, "recall": 0.9013428571428571, "f0.5": 0.9452835403041514, "f1": 0.9229833880661823, "singleton_accuracy": 0.9431818181818182, "true_positive": 31163, "false_positive": 629, "false_negative": 3513, "true_negative_all_possible": 103202154695, "false_positive_rate": 6.094833950175496e-09, "predicted_positive": 31792, "predicted_negative_candidates": 288164, "predicted_positive_rate": 0.09936366250359424}
RESULT {"depth": 5, "weight": 1.0, "threshold": 0.6250000000000002, "trees": 1076, "seconds": 7.072513818740845, "precision": 0.9674012698412698, "recall": 0.9027732142857143, "f0.5": 0.9456879670104783, "f1": 0.9238886785110315, "singleton_accuracy": 0.946969696969697, "true_positive": 31188, "false_positive": 630, "false_negative": 3488, "true_negative_all_possible": 103202154694, "false_positive_rate": 6.104523670287062e-09, "predicted_positive": 31818, "predicted_negative_candidates": 288138, "predicted_positive_rate": 0.0994449236770056}
0:	learn: 0.5761146	test: 0.5760997	best: 0.5760997 (0)	total: 7.02ms	remaining: 8.42s
200:	learn: 0.0251456	test: 0.0291472	best: 0.0291463 (199)	total: 1.11s	remaining: 5.54s
400:	learn: 0.0231826	test: 0.0289700	best: 0.0289700 (400)	total: 2.18s	remaining: 4.35s
600:	learn: 0.0212098	test: 0.0288339	best: 0.0288254 (592)	total: 3.27s	remaining: 3.26s
bestTest = 0.0288042469
bestIteration = 670
Shrink model to first 671 iterations.
RESULT {"depth": 7, "weight": 0.25, "threshold": 0.6250000000000002, "trees": 671, "seconds": 5.210098028182983, "precision": 0.9665584920634921, "recall": 0.9020613888888889, "f0.5": 0.9443139232747324, "f1": 0.9225024065477005, "singleton_accuracy": 0.9337121212121212, "true_positive": 31242, "false_positive": 716, "false_negative": 3434, "true_negative_all_possible": 103202154608, "false_positive_rate": 6.937839599881804e-09, "predicted_positive": 31958, "predicted_negative_candidates": 287998, "predicted_positive_rate": 0.09988248384152822}
RESULT {"depth": 7, "weight": 0.5, "threshold": 0.6500000000000002, "trees": 671, "seconds": 5.454974412918091, "precision": 0.9680917857142857, "recall": 0.8997820634920636, "f0.5": 0.9449618435305427, "f1": 0.9219904186336538, "singleton_accuracy": 0.946969696969697, "true_positive": 31116, "false_positive": 619, "false_negative": 3560, "true_negative_all_possible": 103202154705, "false_positive_rate": 5.997936749059828e-09, "predicted_positive": 31735, "predicted_negative_candidates": 288221, "predicted_positive_rate": 0.0991855130080386}
RESULT {"depth": 7, "weight": 0.75, "threshold": 0.6750000000000003, "trees": 671, "seconds": 5.704842567443848, "precision": 0.9692348412698413, "recall": 0.8969536111111113, "f0.5": 0.9451693120374448, "f1": 0.9209939530567471, "singleton_accuracy": 0.9507575757575758, "true_positive": 30984, "false_positive": 542, "false_negative": 3692, "true_negative_all_possible": 103202154782, "false_positive_rate": 5.251828300469187e-09, "predicted_positive": 31526, "predicted_negative_candidates": 288430, "predicted_positive_rate": 0.09853229819100126}
RESULT {"depth": 7, "weight": 1.0, "threshold": 0.6750000000000003, "trees": 671, "seconds": 5.9591169357299805, "precision": 0.9689874603174603, "recall": 0.8977795238095237, "f0.5": 0.9453006756565242, "f1": 0.9214489504613034, "singleton_accuracy": 0.9507575757575758, "true_positive": 30998, "false_positive": 548, "false_negative": 3678, "true_negative_all_possible": 103202154776, "false_positive_rate": 5.3099666211385875e-09, "predicted_positive": 31546, "predicted_negative_candidates": 288410, "predicted_positive_rate": 0.09859480678593306}
0:	learn: 0.5761388	test: 0.5761718	best: 0.5761718 (0)	total: 10.3ms	remaining: 12.3s
200:	learn: 0.0225644	test: 0.0292621	best: 0.0292594 (195)	total: 2.06s	remaining: 10.3s
400:	learn: 0.0194621	test: 0.0290054	best: 0.0290054 (400)	total: 4.19s	remaining: 8.35s
bestTest = 0.02897037125
bestIteration = 421
Shrink model to first 422 iterations.
RESULT {"depth": 9, "weight": 0.25, "threshold": 0.6250000000000002, "trees": 422, "seconds": 6.617399454116821, "precision": 0.966606111111111, "recall": 0.9022372222222222, "f0.5": 0.9443818373235324, "f1": 0.922613176888471, "singleton_accuracy": 0.9318181818181818, "true_positive": 31251, "false_positive": 726, "false_negative": 3425, "true_negative_all_possible": 103202154598, "false_positive_rate": 7.0347368009974726e-09, "predicted_positive": 31977, "predicted_negative_candidates": 287979, "predicted_positive_rate": 0.09994186700671343}
RESULT {"depth": 9, "weight": 0.5, "threshold": 0.6750000000000003, "trees": 422, "seconds": 6.861163139343262, "precision": 0.969414126984127, "recall": 0.8967401984126986, "f0.5": 0.9450337072056157, "f1": 0.920729595388272, "singleton_accuracy": 0.9488636363636364, "true_positive": 30984, "false_positive": 566, "false_negative": 3692, "true_negative_all_possible": 103202154758, "false_positive_rate": 5.4843815831467895e-09, "predicted_positive": 31550, "predicted_negative_candidates": 288406, "predicted_positive_rate": 0.09860730850491943}
RESULT {"depth": 9, "weight": 0.75, "threshold": 0.7250000000000003, "trees": 422, "seconds": 7.10222053527832, "precision": 0.9719912698412698, "recall": 0.8907430952380954, "f0.5": 0.9450214783424564, "f1": 0.9180773487297018, "singleton_accuracy": 0.9659090909090909, "true_positive": 30699, "false_positive": 436, "false_negative": 3977, "true_negative_all_possible": 103202154888, "false_positive_rate": 4.22471796864311e-09, "predicted_positive": 31135, "predicted_negative_candidates": 288821, "predicted_positive_rate": 0.09731025516008451}
RESULT {"depth": 9, "weight": 1.0, "threshold": 0.6750000000000003, "trees": 422, "seconds": 7.339808702468872, "precision": 0.9687644841269841, "recall": 0.8978904761904761, "f0.5": 0.9451051386252575, "f1": 0.921367867932721, "singleton_accuracy": 0.946969696969697, "true_positive": 30991, "false_positive": 556, "false_negative": 3685, "true_negative_all_possible": 103202154768, "false_positive_rate": 5.387484382031122e-09, "predicted_positive": 31547, "predicted_negative_candidates": 288409, "predicted_positive_rate": 0.09859793221567965}
BEST {"depth": 5, "weight": 1.0, "threshold": 0.6250000000000002, "trees": 1076, "seconds": 7.072513818740845, "precision": 0.9674012698412698, "recall": 0.9027732142857143, "f0.5": 0.9456879670104783, "f1": 0.9238886785110315, "singleton_accuracy": 0.946969696969697, "true_positive": 31188, "false_positive": 630, "false_negative": 3488, "true_negative_all_possible": 103202154694, "false_positive_rate": 6.104523670287062e-09, "predicted_positive": 31818, "predicted_negative_candidates": 288138, "predicted_positive_rate": 0.0994449236770056}
