BEST_EXPECTED_F {"temperature": 1.2, "singleton_multiplier": 1.6, "precision": 0.9719467460317459, "recall": 0.8882814285714284, "f0.5": 0.94446711953337, "f1": 0.9166611349434878, "singleton_accuracy": 0.9015151515151515, "true_positive": 30726, "false_positive": 557, "false_negative": 3950, "true_negative_all_possible": 103202154767, "false_positive_rate": 5.3971741021426885e-09, "predicted_positive": 31283, "predicted_negative_candidates": 288673, "predicted_positive_rate": 0.09777281876257986}
0:	learn: 0.5739730	test: 0.5745927	best: 0.5745927 (0)	total: 123ms	remaining: 2m 27s
200:	learn: 0.0201811	test: 0.0234577	best: 0.0234577 (200)	total: 956ms	remaining: 4.75s
400:	learn: 0.0188116	test: 0.0228360	best: 0.0228360 (400)	total: 1.79s	remaining: 3.56s
600:	learn: 0.0178001	test: 0.0225660	best: 0.0225628 (586)	total: 2.62s	remaining: 2.62s
800:	learn: 0.0166409	test: 0.0222517	best: 0.0222408 (791)	total: 3.45s	remaining: 1.72s
1000:	learn: 0.0157223	test: 0.0221359	best: 0.0221359 (1000)	total: 4.29s	remaining: 852ms
1199:	learn: 0.0148434	test: 0.0220052	best: 0.0220036 (1198)	total: 5.12s	remaining: 0us
bestTest = 0.02200359917
bestIteration = 1198
Shrink model to first 1199 iterations.
RESULT {"depth": 5, "weight": 0.25, "threshold": 0.6250000000000002, "trees": 1199, "seconds": 6.793631553649902, "precision": 0.9700776587301587, "recall": 0.9052959523809524, "f0.5": 0.94810282607234, "f1": 0.9263242579316109, "singleton_accuracy": 0.9450757575757576, "true_positive": 31357, "false_positive": 608, "false_negative": 3319, "true_negative_all_possible": 103202154716, "false_positive_rate": 5.891349827832594e-09, "predicted_positive": 31965, "predicted_negative_candidates": 287991, "predicted_positive_rate": 0.09990436184975435}
RESULT {"depth": 5, "weight": 0.5, "threshold": 0.6000000000000002, "trees": 1199, "seconds": 7.046988010406494, "precision": 0.9723961111111111, "recall": 0.915505119047619, "f0.5": 0.9534834292916566, "f1": 0.9343240008684126, "singleton_accuracy": 0.9507575757575758, "true_positive": 31752, "false_positive": 523, "false_negative": 2924, "true_negative_all_possible": 103202154801, "false_positive_rate": 5.0677236183494185e-09, "predicted_positive": 32275, "predicted_negative_candidates": 287681, "predicted_positive_rate": 0.10087324507119728}
RESULT {"depth": 5, "weight": 0.75, "threshold": 0.6500000000000002, "trees": 1199, "seconds": 7.307413578033447, "precision": 0.9756273412698412, "recall": 0.9180248412698413, "f0.5": 0.957026377094864, "f1": 0.9377945175739293, "singleton_accuracy": 0.9583333333333334, "true_positive": 31855, "false_positive": 394, "false_negative": 2821, "true_negative_all_possible": 103202154930, "false_positive_rate": 3.817749723957306e-09, "predicted_positive": 32249, "predicted_negative_candidates": 287707, "predicted_positive_rate": 0.10079198389778594}
RESULT {"depth": 5, "weight": 1.0, "threshold": 0.6250000000000002, "trees": 1199, "seconds": 7.54964542388916, "precision": 0.9740494841269841, "recall": 0.9231690079365078, "f0.5": 0.9574005077289003, "f1": 0.9402275944970062, "singleton_accuracy": 0.9526515151515151, "true_positive": 32039, "false_positive": 467, "false_negative": 2637, "true_negative_all_possible": 103202154857, "false_positive_rate": 4.525099292101679e-09, "predicted_positive": 32506, "predicted_negative_candidates": 287450, "predicted_positive_rate": 0.10159521934265961}
0:	learn: 0.5732000	test: 0.5740482	best: 0.5740482 (0)	total: 6.68ms	remaining: 8.02s
200:	learn: 0.0185044	test: 0.0228698	best: 0.0228688 (199)	total: 1.25s	remaining: 6.22s
400:	learn: 0.0166999	test: 0.0223510	best: 0.0223510 (400)	total: 2.48s	remaining: 4.95s
600:	learn: 0.0149282	test: 0.0220420	best: 0.0220420 (600)	total: 3.72s	remaining: 3.71s
800:	learn: 0.0132614	test: 0.0219463	best: 0.0219138 (720)	total: 4.95s	remaining: 2.46s
bestTest = 0.02191376114
bestIteration = 720
Shrink model to first 721 iterations.
RESULT {"depth": 7, "weight": 0.25, "threshold": 0.6500000000000002, "trees": 721, "seconds": 6.225717306137085, "precision": 0.9714477777777778, "recall": 0.9028352380952381, "f0.5": 0.9483476236330254, "f1": 0.9253905677329207, "singleton_accuracy": 0.9564393939393939, "true_positive": 31246, "false_positive": 545, "false_negative": 3430, "true_negative_all_possible": 103202154779, "false_positive_rate": 5.280897460803888e-09, "predicted_positive": 31791, "predicted_negative_candidates": 288165, "predicted_positive_rate": 0.09936053707384765}
RESULT {"depth": 7, "weight": 0.5, "threshold": 0.5750000000000002, "trees": 721, "seconds": 6.487989187240601, "precision": 0.9714861111111112, "recall": 0.9187411904761904, "f0.5": 0.9537411079081878, "f1": 0.9358621604865722, "singleton_accuracy": 0.9431818181818182, "true_positive": 31881, "false_positive": 571, "false_negative": 2795, "true_negative_all_possible": 103202154753, "false_positive_rate": 5.532830183704623e-09, "predicted_positive": 32452, "predicted_negative_candidates": 287504, "predicted_positive_rate": 0.10142644613634375}
RESULT {"depth": 7, "weight": 0.75, "threshold": 0.6750000000000003, "trees": 721, "seconds": 6.747216701507568, "precision": 0.9763800793650793, "recall": 0.9158528174603175, "f0.5": 0.9570041726514914, "f1": 0.9368640957735075, "singleton_accuracy": 0.9640151515151515, "true_positive": 31763, "false_positive": 360, "false_negative": 2913, "true_negative_all_possible": 103202154964, "false_positive_rate": 3.4882992401640357e-09, "predicted_positive": 32123, "predicted_negative_candidates": 287833, "predicted_positive_rate": 0.10039817974971559}
RESULT {"depth": 7, "weight": 1.0, "threshold": 0.6750000000000003, "trees": 721, "seconds": 7.006122589111328, "precision": 0.9750976984126984, "recall": 0.9199937698412699, "f0.5": 0.9573802194695928, "f1": 0.9389355187949306, "singleton_accuracy": 0.9545454545454546, "true_positive": 31921, "false_positive": 396, "false_negative": 2755, "true_negative_all_possible": 103202154928, "false_positive_rate": 3.83712916418044e-09, "predicted_positive": 32317, "predicted_negative_candidates": 287639, "predicted_positive_rate": 0.10100451312055407}
0:	learn: 0.5757023	test: 0.5766415	best: 0.5766415 (0)	total: 12.5ms	remaining: 15s
200:	learn: 0.0164893	test: 0.0225317	best: 0.0225317 (200)	total: 2.4s	remaining: 12s
400:	learn: 0.0137570	test: 0.0220966	best: 0.0220848 (396)	total: 4.73s	remaining: 9.42s
600:	learn: 0.0112459	test: 0.0220015	best: 0.0220015 (600)	total: 7.08s	remaining: 7.06s
bestTest = 0.02199432755
bestIteration = 601
Shrink model to first 602 iterations.
RESULT {"depth": 9, "weight": 0.25, "threshold": 0.6750000000000003, "trees": 602, "seconds": 9.605026245117188, "precision": 0.9723214682539681, "recall": 0.9004761904761904, "f0.5": 0.9482719161514251, "f1": 0.9243496775120303, "singleton_accuracy": 0.9564393939393939, "true_positive": 31157, "false_positive": 493, "false_negative": 3519, "true_negative_all_possible": 103202154831, "false_positive_rate": 4.777032015002416e-09, "predicted_positive": 31650, "predicted_negative_candidates": 288306, "predicted_positive_rate": 0.09891985147957844}
RESULT {"depth": 9, "weight": 0.5, "threshold": 0.6250000000000002, "trees": 602, "seconds": 9.840509176254272, "precision": 0.9730131349206349, "recall": 0.9130563095238096, "f0.5": 0.9531917852766153, "f1": 0.9330793549587666, "singleton_accuracy": 0.9507575757575758, "true_positive": 31655, "false_positive": 487, "false_negative": 3021, "true_negative_all_possible": 103202154837, "false_positive_rate": 4.718893694333015e-09, "predicted_positive": 32142, "predicted_negative_candidates": 287814, "predicted_positive_rate": 0.1004575629149008}
RESULT {"depth": 9, "weight": 0.75, "threshold": 0.6750000000000003, "trees": 602, "seconds": 10.07792592048645, "precision": 0.9758735317460318, "recall": 0.9161735317460318, "f0.5": 0.9567090997122847, "f1": 0.9368341207485326, "singleton_accuracy": 0.9621212121212122, "true_positive": 31764, "false_positive": 371, "false_negative": 2912, "true_negative_all_possible": 103202154953, "false_positive_rate": 3.5948861613912703e-09, "predicted_positive": 32135, "predicted_negative_candidates": 287821, "predicted_positive_rate": 0.10043568490667466}
RESULT {"depth": 9, "weight": 1.0, "threshold": 0.6750000000000003, "trees": 602, "seconds": 10.309576034545898, "precision": 0.9755976984126985, "recall": 0.9200949603174604, "f0.5": 0.9577443393723286, "f1": 0.9391828414722532, "singleton_accuracy": 0.9602272727272727, "true_positive": 31912, "false_positive": 391, "false_negative": 2764, "true_negative_all_possible": 103202154933, "false_positive_rate": 3.788680563622606e-09, "predicted_positive": 32303, "predicted_negative_candidates": 287653, "predicted_positive_rate": 0.10096075710410181}
BEST {"depth": 9, "weight": 1.0, "threshold": 0.6750000000000003, "trees": 602, "seconds": 10.309576034545898, "precision": 0.9755976984126985, "recall": 0.9200949603174604, "f0.5": 0.9577443393723286, "f1": 0.9391828414722532, "singleton_accuracy": 0.9602272727272727, "true_positive": 31912, "false_positive": 391, "false_negative": 2764, "true_negative_all_possible": 103202154933, "false_positive_rate": 3.788680563622606e-09, "predicted_positive": 32303, "predicted_negative_candidates": 287653, "predicted_positive_rate": 0.10096075710410181}
