OOF_META 0 6.1
OOF_META 500 11.2
OOF_META 1000 16.4
OOF_META 1500 21.2
OOF_META 2000 26.1
OOF_META 2500 31.6
OOF_META 3000 36.2
OOF_META 3500 41.2
OOF_META 4000 46.1
OOF_META 4500 50.4
OOF_META 5000 54.9
OOF_META 5500 59.4
OOF_META 6000 63.9
OOF_META 6500 68.3
OOF_META 7000 73.4
OOF_META 7500 77.7
OOF_META 8000 82.0
OOF_META 8500 86.3
OOF_META 9000 91.0
OOF_META 9500 95.1
OOF_META 10000 99.6
OOF_META 10500 103.9
OOF_META 11000 108.2
OOF_META 11500 112.1
OOF_META 12000 116.2
OOF_META 12500 120.8
OOF_META 13000 124.7
OOF_META 13500 128.5
OOF_META 14000 132.1
OOF_META 14500 135.6
OOF_META 15000 139.3
OOF_META 15500 143.1
OOF_META 16000 146.6
OOF_META 16500 150.9
OOF_META 17000 154.6
OOF_META 17500 158.1
OOF_META 18000 161.8
OOF_META 18500 166.8
OOF_META 19000 170.6
OOF_META 19500 174.7
OOF_META 20000 179.6
OOF_META 20500 204.8
OOF_META 21000 208.5
OOF_META 21500 212.1
OOF_META 22000 216.2
OOF_META 22500 220.2
OOF_META 23000 223.8
OOF_META 23500 227.4
OOF_META 24000 230.9
OOF_META 24500 234.6
OOF_META 25000 237.9
OOF_META 25500 241.7
OOF_META 26000 245.2
OOF_META 26500 248.7
OOF_META 27000 252.2
OOF_META 27500 255.6
OOF_META 28000 258.8
OOF_META 28500 261.9
OOF_META 29000 264.9
OOF_META 29500 268.1
