NEURAL_DEVICE NVIDIA GeForce RTX 4060 Laptop GPU 2.8.0+cu126
Some weights of BertForSequenceClassification were not initialized from the model checkpoint at artifacts\campaign_0942\pretrained_minilm and are newly initialized: ['classifier.bias', 'classifier.weight']
You should probably TRAIN this model on a down-stream task to be able to use it for predictions and inference.
NEURAL_TRAIN {"epoch": 0, "step": 100, "total_steps": 6909, "loss": 0.6673095703125, "seconds": 18.242413997650146, "gpu_allocated_gb": 0.746596864}
NEURAL_TRAIN {"epoch": 0, "step": 200, "total_steps": 6909, "loss": 0.4374784851074219, "seconds": 30.26475691795349, "gpu_allocated_gb": 0.746596864}
NEURAL_TRAIN {"epoch": 0, "step": 300, "total_steps": 6909, "loss": 0.3641075134277344, "seconds": 39.74446082115173, "gpu_allocated_gb": 0.746596864}
NEURAL_TRAIN {"epoch": 0, "step": 400, "total_steps": 6909, "loss": 0.27102272033691405, "seconds": 51.7856981754303, "gpu_allocated_gb": 0.746596864}
NEURAL_TRAIN {"epoch": 0, "step": 500, "total_steps": 6909, "loss": 0.28298076629638674, "seconds": 64.80158352851868, "gpu_allocated_gb": 0.746596864}
NEURAL_TRAIN {"epoch": 0, "step": 600, "total_steps": 6909, "loss": 0.2306186294555664, "seconds": 109.16514921188354, "gpu_allocated_gb": 0.746596864}
NEURAL_TRAIN {"epoch": 0, "step": 700, "total_steps": 6909, "loss": 0.21157590866088868, "seconds": 121.82132744789124, "gpu_allocated_gb": 0.746596864}
NEURAL_TRAIN {"epoch": 0, "step": 800, "total_steps": 6909, "loss": 0.20966617584228517, "seconds": 129.51230382919312, "gpu_allocated_gb": 0.746596864}
NEURAL_TRAIN {"epoch": 0, "step": 900, "total_steps": 6909, "loss": 0.20554986953735352, "seconds": 137.120774269104, "gpu_allocated_gb": 0.746596864}
NEURAL_TRAIN {"epoch": 0, "step": 1000, "total_steps": 6909, "loss": 0.1960230827331543, "seconds": 144.94529914855957, "gpu_allocated_gb": 0.746596864}
NEURAL_TRAIN {"epoch": 0, "step": 1100, "total_steps": 6909, "loss": 0.19831174850463867, "seconds": 186.98936367034912, "gpu_allocated_gb": 0.746596864}
NEURAL_TRAIN {"epoch": 0, "step": 1200, "total_steps": 6909, "loss": 0.19174177169799805, "seconds": 198.55581045150757, "gpu_allocated_gb": 0.746596864}
NEURAL_TRAIN {"epoch": 0, "step": 1300, "total_steps": 6909, "loss": 0.17242727279663086, "seconds": 207.47721409797668, "gpu_allocated_gb": 0.746596864}
NEURAL_TRAIN {"epoch": 0, "step": 1400, "total_steps": 6909, "loss": 0.16339043617248536, "seconds": 219.4160099029541, "gpu_allocated_gb": 0.746596864}
NEURAL_TRAIN {"epoch": 0, "step": 1500, "total_steps": 6909, "loss": 0.16192002296447755, "seconds": 231.06369972229004, "gpu_allocated_gb": 0.746596864}
NEURAL_TRAIN {"epoch": 0, "step": 1600, "total_steps": 6909, "loss": 0.16414173126220702, "seconds": 277.3019223213196, "gpu_allocated_gb": 0.746596864}
NEURAL_TRAIN {"epoch": 0, "step": 1700, "total_steps": 6909, "loss": 0.16331565856933594, "seconds": 287.7360317707062, "gpu_allocated_gb": 0.746596864}
NEURAL_TRAIN {"epoch": 0, "step": 1800, "total_steps": 6909, "loss": 0.15124058246612548, "seconds": 299.81856536865234, "gpu_allocated_gb": 0.746596864}
NEURAL_TRAIN {"epoch": 0, "step": 1900, "total_steps": 6909, "loss": 0.15905822277069093, "seconds": 308.1038556098938, "gpu_allocated_gb": 0.746596864}
NEURAL_TRAIN {"epoch": 0, "step": 2000, "total_steps": 6909, "loss": 0.15703052520751953, "seconds": 316.46204113960266, "gpu_allocated_gb": 0.746596864}
NEURAL_TRAIN {"epoch": 0, "step": 2100, "total_steps": 6909, "loss": 0.14315571784973144, "seconds": 363.23963356018066, "gpu_allocated_gb": 0.746596864}
NEURAL_TRAIN {"epoch": 0, "step": 2200, "total_steps": 6909, "loss": 0.1431245517730713, "seconds": 372.4725868701935, "gpu_allocated_gb": 0.746596864}
NEURAL_TRAIN {"epoch": 0, "step": 2300, "total_steps": 6909, "loss": 0.14322545051574706, "seconds": 381.5286340713501, "gpu_allocated_gb": 0.746596864}
NEURAL_EPOCH 0 calibration_loss 0.13642752489221097 best 0.13642752489221097
NEURAL_TRAIN {"epoch": 1, "step": 2400, "total_steps": 6909, "loss": 0.12037909165024757, "seconds": 455.8365626335144, "gpu_allocated_gb": 0.746596864}
NEURAL_TRAIN {"epoch": 1, "step": 2500, "total_steps": 6909, "loss": 0.12692642211914062, "seconds": 463.2593283653259, "gpu_allocated_gb": 0.746596864}
NEURAL_TRAIN {"epoch": 1, "step": 2600, "total_steps": 6909, "loss": 0.12581257820129393, "seconds": 481.29781460762024, "gpu_allocated_gb": 0.746596864}
NEURAL_TRAIN {"epoch": 1, "step": 2700, "total_steps": 6909, "loss": 0.1228622031211853, "seconds": 488.6658425331116, "gpu_allocated_gb": 0.746596864}
NEURAL_TRAIN {"epoch": 1, "step": 2800, "total_steps": 6909, "loss": 0.12695421457290648, "seconds": 496.01359152793884, "gpu_allocated_gb": 0.746596864}
NEURAL_TRAIN {"epoch": 1, "step": 2900, "total_steps": 6909, "loss": 0.1271829652786255, "seconds": 503.3785591125488, "gpu_allocated_gb": 0.746596864}
NEURAL_TRAIN {"epoch": 1, "step": 3000, "total_steps": 6909, "loss": 0.11208244800567627, "seconds": 510.77021980285645, "gpu_allocated_gb": 0.746596864}
NEURAL_TRAIN {"epoch": 1, "step": 3100, "total_steps": 6909, "loss": 0.12373220443725585, "seconds": 546.8082699775696, "gpu_allocated_gb": 0.746596864}
NEURAL_TRAIN {"epoch": 1, "step": 3200, "total_steps": 6909, "loss": 0.11964741230010986, "seconds": 554.1452491283417, "gpu_allocated_gb": 0.746596864}
NEURAL_TRAIN {"epoch": 1, "step": 3300, "total_steps": 6909, "loss": 0.11014129400253296, "seconds": 561.4869711399078, "gpu_allocated_gb": 0.746596864}
NEURAL_TRAIN {"epoch": 1, "step": 3400, "total_steps": 6909, "loss": 0.11653957605361938, "seconds": 568.8516454696655, "gpu_allocated_gb": 0.746596864}
NEURAL_TRAIN {"epoch": 1, "step": 3500, "total_steps": 6909, "loss": 0.12901074647903443, "seconds": 576.2360911369324, "gpu_allocated_gb": 0.746596864}
NEURAL_TRAIN {"epoch": 1, "step": 3600, "total_steps": 6909, "loss": 0.11371052980422974, "seconds": 603.1756882667542, "gpu_allocated_gb": 0.746596864}
NEURAL_TRAIN {"epoch": 1, "step": 3700, "total_steps": 6909, "loss": 0.10381455183029174, "seconds": 610.5502076148987, "gpu_allocated_gb": 0.746596864}
NEURAL_TRAIN {"epoch": 1, "step": 3800, "total_steps": 6909, "loss": 0.12165562152862548, "seconds": 617.9155027866364, "gpu_allocated_gb": 0.746596864}
NEURAL_TRAIN {"epoch": 1, "step": 3900, "total_steps": 6909, "loss": 0.1022603178024292, "seconds": 625.2757883071899, "gpu_allocated_gb": 0.746596864}
NEURAL_TRAIN {"epoch": 1, "step": 4000, "total_steps": 6909, "loss": 0.11440136194229127, "seconds": 632.6949782371521, "gpu_allocated_gb": 0.746596864}
NEURAL_TRAIN {"epoch": 1, "step": 4100, "total_steps": 6909, "loss": 0.10389704704284668, "seconds": 641.5152740478516, "gpu_allocated_gb": 0.746596864}
NEURAL_TRAIN {"epoch": 1, "step": 4200, "total_steps": 6909, "loss": 0.11685487508773804, "seconds": 648.9676916599274, "gpu_allocated_gb": 0.746596864}
NEURAL_TRAIN {"epoch": 1, "step": 4300, "total_steps": 6909, "loss": 0.11564411878585816, "seconds": 656.5726602077484, "gpu_allocated_gb": 0.746596864}
NEURAL_TRAIN {"epoch": 1, "step": 4400, "total_steps": 6909, "loss": 0.10580453634262085, "seconds": 664.578292131424, "gpu_allocated_gb": 0.746596864}
NEURAL_TRAIN {"epoch": 1, "step": 4500, "total_steps": 6909, "loss": 0.11829346895217896, "seconds": 672.0769402980804, "gpu_allocated_gb": 0.746596864}
NEURAL_TRAIN {"epoch": 1, "step": 4600, "total_steps": 6909, "loss": 0.10838139295578003, "seconds": 698.2973549365997, "gpu_allocated_gb": 0.746596864}
