RAW_PACKED anchors 500000 1732544
RAW_PACKED anchors 1000000 1732544
RAW_PACKED anchors 1500000 1732544
RAW_PACKED targets 500000 9969589
RAW_PACKED targets 1000000 9969589
RAW_PACKED targets 1500000 9969589
RAW_PACKED targets 2000000 9969589
RAW_PACKED targets 2500000 9969589
RAW_PACKED targets 3000000 9969589
RAW_PACKED targets 3500000 9969589
RAW_PACKED targets 4000000 9969589
RAW_PACKED targets 4500000 9969589
RAW_PACKED targets 5000000 9969589
RAW_PACKED targets 5500000 9969589
RAW_PACKED targets 6000000 9969589
RAW_PACKED targets 6500000 9969589
RAW_PACKED targets 7000000 9969589
RAW_PACKED targets 7500000 9969589
RAW_PACKED targets 8000000 9969589
RAW_PACKED targets 8500000 9969589
RAW_PACKED targets 9000000 9969589
RAW_PACKED targets 9500000 9969589
