RAW_CONFIRM_BASE 100 5000
RAW_CONFIRM_BASE 200 5000
RAW_CONFIRM_BASE 300 5000
RAW_CONFIRM_BASE 400 5000
RAW_CONFIRM_BASE 500 5000
RAW_CONFIRM_BASE 600 5000
RAW_CONFIRM_BASE 700 5000
RAW_CONFIRM_BASE 800 5000
RAW_CONFIRM_BASE 900 5000
RAW_CONFIRM_BASE 1000 5000
RAW_CONFIRM_BASE 1100 5000
RAW_CONFIRM_BASE 1200 5000
RAW_CONFIRM_BASE 1300 5000
RAW_CONFIRM_BASE 1400 5000
RAW_CONFIRM_BASE 1500 5000
RAW_CONFIRM_BASE 1600 5000
RAW_CONFIRM_BASE 1700 5000
RAW_CONFIRM_BASE 1800 5000
RAW_CONFIRM_BASE 1900 5000
RAW_CONFIRM_BASE 2000 5000
RAW_CONFIRM_BASE 2100 5000
RAW_CONFIRM_BASE 2200 5000
