0:	learn: 0.6232486	test: 0.6236583	best: 0.6236583 (0)	total: 736ms	remaining: 22m 4s
200:	learn: 0.0836923	test: 0.0912684	best: 0.0912684 (200)	total: 1.75s	remaining: 13.9s
400:	learn: 0.0795783	test: 0.0890992	best: 0.0890992 (400)	total: 2.85s	remaining: 9.95s
600:	learn: 0.0767427	test: 0.0879407	best: 0.0879407 (600)	total: 3.94s	remaining: 7.87s
800:	learn: 0.0743254	test: 0.0873027	best: 0.0873027 (800)	total: 5.01s	remaining: 6.25s
1000:	learn: 0.0722716	test: 0.0868458	best: 0.0868458 (1000)	total: 6.05s	remaining: 4.83s
1200:	learn: 0.0703808	test: 0.0864808	best: 0.0864808 (1200)	total: 7.15s	remaining: 3.56s
1400:	learn: 0.0685552	test: 0.0861076	best: 0.0861076 (1400)	total: 8.23s	remaining: 2.34s
1600:	learn: 0.0670069	test: 0.0857884	best: 0.0857845 (1597)	total: 9.29s	remaining: 1.15s
1799:	learn: 0.0655974	test: 0.0857858	best: 0.0857062 (1712)	total: 10.3s	remaining: 0us
bestTest = 0.08570620726
bestIteration = 1712
Shrink model to first 1713 iterations.
RAW_RESULT {"model": "raw_minimal_d5", "weight": 0.5, "threshold": 0.6500000000000002, "trees": 1713, "seconds": 42.25622057914734, "precision": 0.9785050264550266, "recall": 0.9287293650793651, "f0.5": 0.9627381634771367, "f1": 0.9460408863467688, "singleton_accuracy": 0.9761904761904762, "true_positive": 9816, "false_positive": 105, "false_negative": 721, "true_negative_all_possible": 30960646358, "false_positive_rate": 3.391402053748518e-09, "predicted_positive": 9921, "predicted_negative_candidates": 86067, "predicted_positive_rate": 0.10335666958369796}
RAW_RESULT {"model": "raw_minimal_d5", "weight": 1.0, "threshold": 0.7750000000000002, "trees": 1713, "seconds": 42.389812707901, "precision": 0.9815851851851851, "recall": 0.9248661375661377, "f0.5": 0.9641521217993243, "f1": 0.945332890965244, "singleton_accuracy": 0.9821428571428571, "true_positive": 9763, "false_positive": 76, "false_negative": 774, "true_negative_all_possible": 30960646387, "false_positive_rate": 2.4547291055703562e-09, "predicted_positive": 9839, "predicted_negative_candidates": 86149, "predicted_positive_rate": 0.10250239613284994}
0:	learn: 0.6214198	test: 0.6220015	best: 0.6220015 (0)	total: 9.77ms	remaining: 17.6s
200:	learn: 0.0790913	test: 0.0894506	best: 0.0894506 (200)	total: 1.48s	remaining: 11.8s
400:	learn: 0.0734230	test: 0.0872990	best: 0.0872990 (400)	total: 2.85s	remaining: 9.95s
600:	learn: 0.0691173	test: 0.0864343	best: 0.0864343 (600)	total: 4.2s	remaining: 8.38s
800:	learn: 0.0654991	test: 0.0858697	best: 0.0858687 (799)	total: 5.68s	remaining: 7.08s
1000:	learn: 0.0622566	test: 0.0856353	best: 0.0855732 (964)	total: 7.12s	remaining: 5.68s
1200:	learn: 0.0594030	test: 0.0855573	best: 0.0855573 (1200)	total: 8.58s	remaining: 4.28s
1400:	learn: 0.0567710	test: 0.0854486	best: 0.0853974 (1352)	total: 9.94s	remaining: 2.83s
bestTest = 0.0853973568
bestIteration = 1352
Shrink model to first 1353 iterations.
RAW_RESULT {"model": "raw_minimal_d7", "weight": 0.5, "threshold": 0.6500000000000002, "trees": 1353, "seconds": 11.660810708999634, "precision": 0.9789105820105819, "recall": 0.9283571428571428, "f0.5": 0.962891100817574, "f1": 0.9459527670586494, "singleton_accuracy": 0.9761904761904762, "true_positive": 9810, "false_positive": 104, "false_negative": 727, "true_negative_all_possible": 30960646359, "false_positive_rate": 3.359102986569961e-09, "predicted_positive": 9914, "predicted_negative_candidates": 86074, "predicted_positive_rate": 0.1032837438013085}
RAW_RESULT {"model": "raw_minimal_d7", "weight": 1.0, "threshold": 0.7250000000000003, "trees": 1353, "seconds": 11.76484751701355, "precision": 0.9806462962962963, "recall": 0.9301095238095237, "f0.5": 0.9649040117538111, "f1": 0.9480451154509977, "singleton_accuracy": 0.9761904761904762, "true_positive": 9823, "false_positive": 91, "false_negative": 714, "true_negative_all_possible": 30960646372, "false_positive_rate": 2.939215113248716e-09, "predicted_positive": 9914, "predicted_negative_candidates": 86074, "predicted_positive_rate": 0.1032837438013085}
RAW_DONE {"baseline": {"precision": 0.9728911375661377, "recall": 0.9271062169312169, "f0.5": 0.9577375338461528, "f1": 0.9420507804831335, "singleton_accuracy": 0.9642857142857143, "true_positive": 9809, "false_positive": 147, "false_negative": 728, "true_negative_all_possible": 30960646316, "false_positive_rate": 4.747962875247926e-09, "predicted_positive": 9956, "predicted_negative_candidates": 86032, "predicted_positive_rate": 0.10372129849564529}, "experiments": [{"model": "raw_minimal_d5", "weight": 0.5, "threshold": 0.6500000000000002, "trees": 1713, "seconds": 42.25622057914734, "precision": 0.9785050264550266, "recall": 0.9287293650793651, "f0.5": 0.9627381634771367, "f1": 0.9460408863467688, "singleton_accuracy": 0.9761904761904762, "true_positive": 9816, "false_positive": 105, "false_negative": 721, "true_negative_all_possible": 30960646358, "false_positive_rate": 3.391402053748518e-09, "predicted_positive": 9921, "predicted_negative_candidates": 86067, "predicted_positive_rate": 0.10335666958369796}, {"model": "raw_minimal_d5", "weight": 1.0, "threshold": 0.7750000000000002, "trees": 1713, "seconds": 42.389812707901, "precision": 0.9815851851851851, "recall": 0.9248661375661377, "f0.5": 0.9641521217993243, "f1": 0.945332890965244, "singleton_accuracy": 0.9821428571428571, "true_positive": 9763, "false_positive": 76, "false_negative": 774, "true_negative_all_possible": 30960646387, "false_positive_rate": 2.4547291055703562e-09, "predicted_positive": 9839, "predicted_negative_candidates": 86149, "predicted_positive_rate": 0.10250239613284994}, {"model": "raw_minimal_d7", "weight": 0.5, "threshold": 0.6500000000000002, "trees": 1353, "seconds": 11.660810708999634, "precision": 0.9789105820105819, "recall": 0.9283571428571428, "f0.5": 0.962891100817574, "f1": 0.9459527670586494, "singleton_accuracy": 0.9761904761904762, "true_positive": 9810, "false_positive": 104, "false_negative": 727, "true_negative_all_possible": 30960646359, "false_positive_rate": 3.359102986569961e-09, "predicted_positive": 9914, "predicted_negative_candidates": 86074, "predicted_positive_rate": 0.1032837438013085}, {"model": "raw_minimal_d7", "weight": 1.0, "threshold": 0.7250000000000003, "trees": 1353, "seconds": 11.76484751701355, "precision": 0.9806462962962963, "recall": 0.9301095238095237, "f0.5": 0.9649040117538111, "f1": 0.9480451154509977, "singleton_accuracy": 0.9761904761904762, "true_positive": 9823, "false_positive": 91, "false_negative": 714, "true_negative_all_possible": 30960646372, "false_positive_rate": 2.939215113248716e-09, "predicted_positive": 9914, "predicted_negative_candidates": 86074, "predicted_positive_rate": 0.1032837438013085}], "gate": [0.005, 0.9999], "split_seed": 20260929}
