0:	learn: 0.6195070	test: 0.6197336	best: 0.6197336 (0)	total: 101ms	remaining: 3m 1s
200:	learn: 0.0777259	test: 0.0843418	best: 0.0843418 (200)	total: 963ms	remaining: 7.66s
400:	learn: 0.0730997	test: 0.0816106	best: 0.0816106 (400)	total: 1.8s	remaining: 6.28s
600:	learn: 0.0700777	test: 0.0801981	best: 0.0801964 (599)	total: 2.62s	remaining: 5.22s
800:	learn: 0.0673745	test: 0.0791474	best: 0.0791441 (798)	total: 3.44s	remaining: 4.29s
1000:	learn: 0.0650106	test: 0.0784026	best: 0.0783916 (999)	total: 4.25s	remaining: 3.4s
1200:	learn: 0.0632459	test: 0.0779724	best: 0.0779699 (1194)	total: 5.13s	remaining: 2.56s
1400:	learn: 0.0615166	test: 0.0775596	best: 0.0775517 (1398)	total: 6.01s	remaining: 1.71s
1600:	learn: 0.0598961	test: 0.0771755	best: 0.0771745 (1599)	total: 6.88s	remaining: 855ms
1799:	learn: 0.0583930	test: 0.0768187	best: 0.0768187 (1799)	total: 7.78s	remaining: 0us
bestTest = 0.0768186726
bestIteration = 1799
RAW_RESULT {"model": "raw_reverse_d5", "weight": 0.5, "threshold": 0.6750000000000003, "trees": 1800, "seconds": 8.846308469772339, "precision": 0.9820582010582011, "recall": 0.929584126984127, "f0.5": 0.9657037909482199, "f1": 0.9483066594625419, "singleton_accuracy": 0.9821428571428571, "true_positive": 9820, "false_positive": 73, "false_negative": 717, "true_negative_all_possible": 30960646390, "false_positive_rate": 2.357831904034684e-09, "predicted_positive": 9893, "predicted_negative_candidates": 86095, "predicted_positive_rate": 0.1030649664541401}
RAW_RESULT {"model": "raw_reverse_d5", "weight": 1.0, "threshold": 0.6750000000000003, "trees": 1800, "seconds": 8.964826107025146, "precision": 0.982808201058201, "recall": 0.9371698412698414, "f0.5": 0.9686213948291249, "f1": 0.9534457962516787, "singleton_accuracy": 0.9702380952380952, "true_positive": 9903, "false_positive": 75, "false_negative": 634, "true_negative_all_possible": 30960646388, "false_positive_rate": 2.422430038391799e-09, "predicted_positive": 9978, "predicted_negative_candidates": 86010, "predicted_positive_rate": 0.10395049381172647}
0:	learn: 0.6188485	test: 0.6191755	best: 0.6191755 (0)	total: 6.51ms	remaining: 11.7s
200:	learn: 0.0727262	test: 0.0816734	best: 0.0816734 (200)	total: 1.21s	remaining: 9.61s
400:	learn: 0.0667310	test: 0.0790875	best: 0.0790826 (399)	total: 2.36s	remaining: 8.23s
600:	learn: 0.0627262	test: 0.0777961	best: 0.0777960 (599)	total: 3.59s	remaining: 7.16s
800:	learn: 0.0589890	test: 0.0770406	best: 0.0770257 (794)	total: 4.79s	remaining: 5.98s
1000:	learn: 0.0559544	test: 0.0766321	best: 0.0766321 (1000)	total: 6s	remaining: 4.79s
1200:	learn: 0.0532481	test: 0.0764443	best: 0.0764198 (1182)	total: 7.16s	remaining: 3.57s
1400:	learn: 0.0507658	test: 0.0763435	best: 0.0763393 (1398)	total: 8.32s	remaining: 2.37s
1600:	learn: 0.0485417	test: 0.0760536	best: 0.0760536 (1600)	total: 9.52s	remaining: 1.18s
1799:	learn: 0.0463325	test: 0.0759005	best: 0.0758589 (1778)	total: 10.7s	remaining: 0us
bestTest = 0.07585885245
bestIteration = 1778
Shrink model to first 1779 iterations.
RAW_RESULT {"model": "raw_reverse_d7", "weight": 0.5, "threshold": 0.6500000000000002, "trees": 1779, "seconds": 11.39080548286438, "precision": 0.9809026455026456, "recall": 0.9311273809523809, "f0.5": 0.9652891858783271, "f1": 0.9487148438707264, "singleton_accuracy": 0.9761904761904762, "true_positive": 9843, "false_positive": 78, "false_negative": 694, "true_negative_all_possible": 30960646385, "false_positive_rate": 2.5193272399274707e-09, "predicted_positive": 9921, "predicted_negative_candidates": 86067, "predicted_positive_rate": 0.10335666958369796}
RAW_RESULT {"model": "raw_reverse_d7", "weight": 1.0, "threshold": 0.5750000000000002, "trees": 1779, "seconds": 11.475330591201782, "precision": 0.9807522486772486, "recall": 0.9435329365079367, "f0.5": 0.9687014799677993, "f1": 0.9561051591110414, "singleton_accuracy": 0.9702380952380952, "true_positive": 9971, "false_positive": 101, "false_negative": 566, "true_negative_all_possible": 30960646362, "false_positive_rate": 3.262205785034289e-09, "predicted_positive": 10072, "predicted_negative_candidates": 85916, "predicted_positive_rate": 0.10492978288952785}
RAW_DONE {"baseline": {"precision": 0.9728911375661377, "recall": 0.9271062169312169, "f0.5": 0.9577375338461528, "f1": 0.9420507804831335, "singleton_accuracy": 0.9642857142857143, "true_positive": 9809, "false_positive": 147, "false_negative": 728, "true_negative_all_possible": 30960646316, "false_positive_rate": 4.747962875247926e-09, "predicted_positive": 9956, "predicted_negative_candidates": 86032, "predicted_positive_rate": 0.10372129849564529}, "experiments": [{"model": "raw_reverse_d5", "weight": 0.5, "threshold": 0.6750000000000003, "trees": 1800, "seconds": 8.846308469772339, "precision": 0.9820582010582011, "recall": 0.929584126984127, "f0.5": 0.9657037909482199, "f1": 0.9483066594625419, "singleton_accuracy": 0.9821428571428571, "true_positive": 9820, "false_positive": 73, "false_negative": 717, "true_negative_all_possible": 30960646390, "false_positive_rate": 2.357831904034684e-09, "predicted_positive": 9893, "predicted_negative_candidates": 86095, "predicted_positive_rate": 0.1030649664541401}, {"model": "raw_reverse_d5", "weight": 1.0, "threshold": 0.6750000000000003, "trees": 1800, "seconds": 8.964826107025146, "precision": 0.982808201058201, "recall": 0.9371698412698414, "f0.5": 0.9686213948291249, "f1": 0.9534457962516787, "singleton_accuracy": 0.9702380952380952, "true_positive": 9903, "false_positive": 75, "false_negative": 634, "true_negative_all_possible": 30960646388, "false_positive_rate": 2.422430038391799e-09, "predicted_positive": 9978, "predicted_negative_candidates": 86010, "predicted_positive_rate": 0.10395049381172647}, {"model": "raw_reverse_d7", "weight": 0.5, "threshold": 0.6500000000000002, "trees": 1779, "seconds": 11.39080548286438, "precision": 0.9809026455026456, "recall": 0.9311273809523809, "f0.5": 0.9652891858783271, "f1": 0.9487148438707264, "singleton_accuracy": 0.9761904761904762, "true_positive": 9843, "false_positive": 78, "false_negative": 694, "true_negative_all_possible": 30960646385, "false_positive_rate": 2.5193272399274707e-09, "predicted_positive": 9921, "predicted_negative_candidates": 86067, "predicted_positive_rate": 0.10335666958369796}, {"model": "raw_reverse_d7", "weight": 1.0, "threshold": 0.5750000000000002, "trees": 1779, "seconds": 11.475330591201782, "precision": 0.9807522486772486, "recall": 0.9435329365079367, "f0.5": 0.9687014799677993, "f1": 0.9561051591110414, "singleton_accuracy": 0.9702380952380952, "true_positive": 9971, "false_positive": 101, "false_negative": 566, "true_negative_all_possible": 30960646362, "false_positive_rate": 3.262205785034289e-09, "predicted_positive": 10072, "predicted_negative_candidates": 85916, "predicted_positive_rate": 0.10492978288952785}], "gate": [0.005, 0.9999], "split_seed": 20260929}
