REVERSE_SCORED selection 0 51077
REVERSE_SCORED selection 4000 51077
REVERSE_SCORED selection 8000 51077
REVERSE_SCORED selection 12000 51077
REVERSE_SCORED selection 16000 51077
REVERSE_SCORED selection 20000 51077
REVERSE_SCORED selection 24000 51077
REVERSE_SCORED selection 28000 51077
REVERSE_SCORED selection 32000 51077
REVERSE_SCORED selection 36000 51077
REVERSE_SCORED selection 40000 51077
REVERSE_SCORED selection 44000 51077
REVERSE_SCORED selection 48000 51077
REVERSE_SCORED v3 0 25734
REVERSE_SCORED v3 4000 25734
REVERSE_SCORED v3 8000 25734
REVERSE_SCORED v3 12000 25734
REVERSE_SCORED v3 16000 25734
REVERSE_SCORED v3 20000 25734
REVERSE_SCORED v3 24000 25734
REVERSE_SCORED v4 0 26087
REVERSE_SCORED v4 4000 26087
REVERSE_SCORED v4 8000 26087
REVERSE_SCORED v4 12000 26087
REVERSE_SCORED v4 16000 26087
REVERSE_SCORED v4 20000 26087
REVERSE_SCORED v4 24000 26087
